16:41:58 **** Incremental Build of configuration Debug for project 09_11_2023 ****
make -j8 all 
arm-none-eabi-gcc "../Core/Src/main.c" -mcpu=cortex-m7 -std=gnu11 -g3 -DDEBUG -DUSE_HAL_DRIVER -DSTM32F746xx -c -I../Core/Inc -I../Drivers/STM32F7xx_HAL_Driver/Inc -I../Drivers/STM32F7xx_HAL_Driver/Inc/Legacy -I../Drivers/CMSIS/Device/ST/STM32F7xx/Include -I../Drivers/CMSIS/Include -O0 -ffunction-sections -fdata-sections -Wall -fstack-usage -fcyclomatic-complexity -MMD -MP -MF"Core/Src/main.d" -MT"Core/Src/main.o" --specs=nano.specs -mfpu=fpv5-sp-d16 -mfloat-abi=hard -mthumb -o "Core/Src/main.o"
../Core/Src/main.c: In function 'main':
../Core/Src/main.c:111:32: warning: pointer targets in passing argument 2 of 'HAL_UART_Receive_IT' differ in signedness [-Wpointer-sign]
  111 |   HAL_UART_Receive_IT(&huart3, cmd, strlen(cmd));
      |                                ^~~
      |                                |
      |                                char *
In file included from ../Core/Inc/stm32f7xx_hal_conf.h:415,
                 from ../Drivers/STM32F7xx_HAL_Driver/Inc/stm32f7xx_hal.h:29,
                 from ../Core/Inc/main.h:30,
                 from ../Core/Src/main.c:20:
../Drivers/STM32F7xx_HAL_Driver/Inc/stm32f7xx_hal_uart.h:1556:75: note: expected 'uint8_t *' {aka 'unsigned char *'} but argument is of type 'char *'
 1556 | HAL_StatusTypeDef HAL_UART_Receive_IT(UART_HandleTypeDef *huart, uint8_t *pData, uint16_t Size);
      |                                                                  ~~~~~~~~~^~~~~
../Core/Src/main.c: In function 'HAL_TIM_PeriodElapsedCallback':
../Core/Src/main.c:199:3: warning: implicit declaration of function 'sprintf' [-Wimplicit-function-declaration]
  199 |   sprintf(msg, "%i; %i\n\r", temp, r);
      |   ^~~~~~~
../Core/Src/main.c:199:3: warning: incompatible implicit declaration of built-in function 'sprintf'
../Core/Src/main.c:33:1: note: include '<stdio.h>' or provide a declaration of 'sprintf'
   32 | #include "stdlib.h"
  +++ |+#include <stdio.h>
   33 | /* USER CODE END Includes */
../Core/Src/main.c:199:18: warning: format '%i' expects argument of type 'int', but argument 3 has type 'uint32_t' {aka 'long unsigned int'} [-Wformat=]
  199 |   sprintf(msg, "%i; %i\n\r", temp, r);
      |                 ~^           ~~~~
      |                  |           |
      |                  int         uint32_t {aka long unsigned int}
      |                 %li
../Core/Src/main.c:200:30: warning: pointer targets in passing argument 2 of 'HAL_UART_Transmit' differ in signedness [-Wpointer-sign]
  200 |   HAL_UART_Transmit(&huart3, msg, strlen(msg), 100);
      |                              ^~~
      |                              |
      |                              char *
In file included from ../Core/Inc/stm32f7xx_hal_conf.h:415,
                 from ../Drivers/STM32F7xx_HAL_Driver/Inc/stm32f7xx_hal.h:29,
                 from ../Core/Inc/main.h:30,
                 from ../Core/Src/main.c:20:
../Drivers/STM32F7xx_HAL_Driver/Inc/stm32f7xx_hal_uart.h:1553:79: note: expected 'const uint8_t *' {aka 'const unsigned char *'} but argument is of type 'char *'
 1553 | HAL_StatusTypeDef HAL_UART_Transmit(UART_HandleTypeDef *huart, const uint8_t *pData, uint16_t Size, uint32_t Timeout);
      |                                                                ~~~~~~~~~~~~~~~^~~~~
../Core/Src/main.c: In function 'HAL_UART_RxCpltCallback':
../Core/Src/main.c:225:32: warning: pointer targets in passing argument 2 of 'HAL_UART_Transmit' differ in signedness [-Wpointer-sign]
  225 |     HAL_UART_Transmit(&huart3, msg, strlen(msg), 100);
      |                                ^~~
      |                                |
      |                                char *
In file included from ../Core/Inc/stm32f7xx_hal_conf.h:415,
                 from ../Drivers/STM32F7xx_HAL_Driver/Inc/stm32f7xx_hal.h:29,
                 from ../Core/Inc/main.h:30,
                 from ../Core/Src/main.c:20:
../Drivers/STM32F7xx_HAL_Driver/Inc/stm32f7xx_hal_uart.h:1553:79: note: expected 'const uint8_t *' {aka 'const unsigned char *'} but argument is of type 'char *'
 1553 | HAL_StatusTypeDef HAL_UART_Transmit(UART_HandleTypeDef *huart, const uint8_t *pData, uint16_t Size, uint32_t Timeout);
      |                                                                ~~~~~~~~~~~~~~~^~~~~
../Core/Src/main.c:228:32: warning: pointer targets in passing argument 2 of 'HAL_UART_Receive_IT' differ in signedness [-Wpointer-sign]
  228 |   HAL_UART_Receive_IT(&huart3, cmd, strlen(cmd));
      |                                ^~~
      |                                |
      |                                char *
In file included from ../Core/Inc/stm32f7xx_hal_conf.h:415,
                 from ../Drivers/STM32F7xx_HAL_Driver/Inc/stm32f7xx_hal.h:29,
                 from ../Core/Inc/main.h:30,
                 from ../Core/Src/main.c:20:
../Drivers/STM32F7xx_HAL_Driver/Inc/stm32f7xx_hal_uart.h:1556:75: note: expected 'uint8_t *' {aka 'unsigned char *'} but argument is of type 'char *'
 1556 | HAL_StatusTypeDef HAL_UART_Receive_IT(UART_HandleTypeDef *huart, uint8_t *pData, uint16_t Size);
      |                                                                  ~~~~~~~~~^~~~~
arm-none-eabi-gcc -o "09_11_2023.elf" @"objects.list"   -mcpu=cortex-m7 -T"C:\Users\HP\Desktop\studia\sm\09_11_2023\09_11_2023\STM32F746ZGTX_FLASH.ld" --specs=nosys.specs -Wl,-Map="09_11_2023.map" -Wl,--gc-sections -static --specs=nano.specs -mfpu=fpv5-sp-d16 -mfloat-abi=hard -mthumb -Wl,--start-group -lc -lm -Wl,--end-group
Finished building target: 09_11_2023.elf
 
arm-none-eabi-size   09_11_2023.elf 
arm-none-eabi-objdump -h -S  09_11_2023.elf  > "09_11_2023.list"
   text	   data	    bss	    dec	    hex	filename
  32940	    448	   3576	  36964	   9064	09_11_2023.elf
Finished building: default.size.stdout
 
Finished building: 09_11_2023.list
 

16:41:59 Build Finished. 0 errors, 7 warnings. (took 1s.128ms)

