17:36:26 **** Build of configuration Debug for project 16_11_2023v2 ****
make -j8 all 
arm-none-eabi-gcc "../Core/Src/main.c" -mcpu=cortex-m7 -std=gnu11 -g3 -DDEBUG -DUSE_HAL_DRIVER -DSTM32F746xx -c -I../Core/Inc -I../Drivers/STM32F7xx_HAL_Driver/Inc -I../Drivers/STM32F7xx_HAL_Driver/Inc/Legacy -I../Drivers/CMSIS/Device/ST/STM32F7xx/Include -I../Drivers/CMSIS/Include -I"C:/Users/HP/Desktop/studia/sm/repo/16_11_2023/Components/Inc" -O0 -ffunction-sections -fdata-sections -Wall -fstack-usage -fcyclomatic-complexity -MMD -MP -MF"Core/Src/main.d" -MT"Core/Src/main.o" --specs=nano.specs -mfpu=fpv5-sp-d16 -mfloat-abi=hard -mthumb -o "Core/Src/main.o"
../Core/Src/main.c:30:20: warning: extra tokens at end of #include directive
   30 | #include "string.h"s
      |                    ^
../Core/Src/main.c: In function 'HAL_TIM_PeriodElapsedCallback':
../Core/Src/main.c:89:46: warning: format '%u' expects argument of type 'unsigned int', but argument 3 has type 'long unsigned int' [-Wformat=]
   89 |       int tx_msg_len = sprintf(tx_buffer, "%2u.%03u;%5u.%02u\r", temp_int / 1000, temp_int % 1000, press_int / 100, press_int % 100);
      |                                            ~~^                   ~~~~~~~~~~~~~~~
      |                                              |                            |
      |                                              unsigned int                 long unsigned int
      |                                            %2lu
../Core/Src/main.c:89:51: warning: format '%u' expects argument of type 'unsigned int', but argument 4 has type 'long unsigned int' [-Wformat=]
   89 |       int tx_msg_len = sprintf(tx_buffer, "%2u.%03u;%5u.%02u\r", temp_int / 1000, temp_int % 1000, press_int / 100, press_int % 100);
      |                                                ~~~^                               ~~~~~~~~~~~~~~~
      |                                                   |                                        |
      |                                                   unsigned int                             long unsigned int
      |                                                %03lu
../Core/Src/main.c:89:55: warning: format '%u' expects argument of type 'unsigned int', but argument 5 has type 'long unsigned int' [-Wformat=]
   89 |       int tx_msg_len = sprintf(tx_buffer, "%2u.%03u;%5u.%02u\r", temp_int / 1000, temp_int % 1000, press_int / 100, press_int % 100);
      |                                                     ~~^                                            ~~~~~~~~~~~~~~~
      |                                                       |                                                      |
      |                                                       unsigned int                                           long unsigned int
      |                                                     %5lu
../Core/Src/main.c:89:60: warning: format '%u' expects argument of type 'unsigned int', but argument 6 has type 'long unsigned int' [-Wformat=]
   89 |       int tx_msg_len = sprintf(tx_buffer, "%2u.%03u;%5u.%02u\r", temp_int / 1000, temp_int % 1000, press_int / 100, press_int % 100);
      |                                                         ~~~^                                                        ~~~~~~~~~~~~~~~
      |                                                            |                                                                  |
      |                                                            unsigned int                                                       long unsigned int
      |                                                         %02lu
../Core/Src/main.c:90:34: warning: pointer targets in passing argument 2 of 'HAL_UART_Transmit' differ in signedness [-Wpointer-sign]
   90 |       HAL_UART_Transmit(&huart3, tx_buffer, tx_msg_len, 100);
      |                                  ^~~~~~~~~
      |                                  |
      |                                  char *
In file included from ../Core/Inc/stm32f7xx_hal_conf.h:415,
                 from ../Drivers/STM32F7xx_HAL_Driver/Inc/stm32f7xx_hal.h:29,
                 from ../Core/Inc/main.h:30,
                 from ../Core/Src/main.c:20:
../Drivers/STM32F7xx_HAL_Driver/Inc/stm32f7xx_hal_uart.h:1553:79: note: expected 'const uint8_t *' {aka 'const unsigned char *'} but argument is of type 'char *'
 1553 | HAL_StatusTypeDef HAL_UART_Transmit(UART_HandleTypeDef *huart, const uint8_t *pData, uint16_t Size, uint32_t Timeout);
      |                                                                ~~~~~~~~~~~~~~~^~~~~
../Core/Src/main.c: In function 'HAL_UART_RxCpltCallback':
../Core/Src/main.c:107:34: warning: pointer targets in passing argument 2 of 'HAL_UART_Receive_IT' differ in signedness [-Wpointer-sign]
  107 |     HAL_UART_Receive_IT(&huart3, rx_buffer, rx_msg_len);
      |                                  ^~~~~~~~~
      |                                  |
      |                                  char *
In file included from ../Core/Inc/stm32f7xx_hal_conf.h:415,
                 from ../Drivers/STM32F7xx_HAL_Driver/Inc/stm32f7xx_hal.h:29,
                 from ../Core/Inc/main.h:30,
                 from ../Core/Src/main.c:20:
../Drivers/STM32F7xx_HAL_Driver/Inc/stm32f7xx_hal_uart.h:1556:75: note: expected 'uint8_t *' {aka 'unsigned char *'} but argument is of type 'char *'
 1556 | HAL_StatusTypeDef HAL_UART_Receive_IT(UART_HandleTypeDef *huart, uint8_t *pData, uint16_t Size);
      |                                                                  ~~~~~~~~~^~~~~
../Core/Src/main.c: In function 'main':
../Core/Src/main.c:148:32: warning: pointer targets in passing argument 2 of 'HAL_UART_Receive_IT' differ in signedness [-Wpointer-sign]
  148 |   HAL_UART_Receive_IT(&huart3, rx_buffer, rx_msg_len);
      |                                ^~~~~~~~~
      |                                |
      |                                char *
In file included from ../Core/Inc/stm32f7xx_hal_conf.h:415,
                 from ../Drivers/STM32F7xx_HAL_Driver/Inc/stm32f7xx_hal.h:29,
                 from ../Core/Inc/main.h:30,
                 from ../Core/Src/main.c:20:
../Drivers/STM32F7xx_HAL_Driver/Inc/stm32f7xx_hal_uart.h:1556:75: note: expected 'uint8_t *' {aka 'unsigned char *'} but argument is of type 'char *'
 1556 | HAL_StatusTypeDef HAL_UART_Receive_IT(UART_HandleTypeDef *huart, uint8_t *pData, uint16_t Size);
      |                                                                  ~~~~~~~~~^~~~~
arm-none-eabi-gcc -o "16_11_2023v2.elf" @"objects.list"   -mcpu=cortex-m7 -T"C:\Users\HP\Desktop\studia\sm\repo\16_11_2023\STM32F746ZGTX_FLASH.ld" --specs=nosys.specs -Wl,-Map="16_11_2023v2.map" -Wl,--gc-sections -static --specs=nano.specs -mfpu=fpv5-sp-d16 -mfloat-abi=hard -mthumb -u _printf_float -Wl,--start-group -lc -lm -Wl,--end-group
Finished building target: 16_11_2023v2.elf
 
arm-none-eabi-size   16_11_2023v2.elf 
arm-none-eabi-objdump -h -S  16_11_2023v2.elf  > "16_11_2023v2.list"
   text	   data	    bss	    dec	    hex	filename
  46532	    584	   2024	  49140	   bff4	16_11_2023v2.elf
Finished building: default.size.stdout
 
Finished building: 16_11_2023v2.list
 

17:36:31 Build Finished. 0 errors, 8 warnings. (took 4s.381ms)

