16:12:36 **** Incremental Build of configuration Debug for project 2_3 ****
make -j8 all 
arm-none-eabi-gcc "../Core/Src/main.c" -mcpu=cortex-m7 -std=gnu11 -g3 -DDEBUG -DUSE_HAL_DRIVER -DSTM32F746xx -c -I../Core/Inc -I../Drivers/STM32F7xx_HAL_Driver/Inc -I../Drivers/STM32F7xx_HAL_Driver/Inc/Legacy -I../Drivers/CMSIS/Device/ST/STM32F7xx/Include -I../Drivers/CMSIS/Include -I"C:/Users/HP/Desktop/studia/sm/07_12_2023/2_3/Components/Inc" -O0 -ffunction-sections -fdata-sections -Wall -fstack-usage -fcyclomatic-complexity -MMD -MP -MF"Core/Src/main.d" -MT"Core/Src/main.o" --specs=nano.specs -mfpu=fpv5-sp-d16 -mfloat-abi=hard -mthumb -o "Core/Src/main.o"
../Core/Src/main.c: In function 'HAL_UART_RxCpltCallback':
../Core/Src/main.c:106:32: warning: pointer targets in passing argument 1 of 'atoi' differ in signedness [-Wpointer-sign]
  106 |       float amp = (float)(atoi(&rx_buffer[1]));
      |                                ^~~~~~~~~~~~~
      |                                |
      |                                uint8_t * {aka unsigned char *}
In file included from ../Core/Src/main.c:29:
C:\ST\STM32CubeIDE_1.14.0\STM32CubeIDE\plugins\com.st.stm32cube.ide.mcu.externaltools.gnu-tools-for-stm32.11.3.rel1.win32_1.1.100.202309141235\tools\bin/../lib/gcc/arm-none-eabi/11.3.1/../../../../arm-none-eabi/include/stdlib.h:81:27: note: expected 'const char *' but argument is of type 'uint8_t *' {aka 'unsigned char *'}
   81 | int     atoi (const char *__nptr);
      |               ~~~~~~~~~~~~^~~~~~
../Core/Src/main.c:111:32: warning: pointer targets in passing argument 1 of 'atoi' differ in signedness [-Wpointer-sign]
  111 |       float off = (float)(atoi(&rx_buffer[1]));
      |                                ^~~~~~~~~~~~~
      |                                |
      |                                uint8_t * {aka unsigned char *}
In file included from ../Core/Src/main.c:29:
C:\ST\STM32CubeIDE_1.14.0\STM32CubeIDE\plugins\com.st.stm32cube.ide.mcu.externaltools.gnu-tools-for-stm32.11.3.rel1.win32_1.1.100.202309141235\tools\bin/../lib/gcc/arm-none-eabi/11.3.1/../../../../arm-none-eabi/include/stdlib.h:81:27: note: expected 'const char *' but argument is of type 'uint8_t *' {aka 'unsigned char *'}
   81 | int     atoi (const char *__nptr);
      |               ~~~~~~~~~~~~^~~~~~
arm-none-eabi-gcc -o "2_3.elf" @"objects.list"   -mcpu=cortex-m7 -T"C:\Users\HP\Desktop\studia\sm\07_12_2023\2_3\STM32F746ZGTX_FLASH.ld" --specs=nosys.specs -Wl,-Map="2_3.map" -Wl,--gc-sections -static --specs=nano.specs -mfpu=fpv5-sp-d16 -mfloat-abi=hard -mthumb -Wl,--start-group -lc -lm -Wl,--end-group
Finished building target: 2_3.elf
 
arm-none-eabi-size  2_3.elf 
arm-none-eabi-objdump -h -S 2_3.elf  > "2_3.list"
   text	   data	    bss	    dec	    hex	filename
  23840	    116	   2132	  26088	   65e8	2_3.elf
Finished building: default.size.stdout
 
Finished building: 2_3.list
 

16:12:37 Build Finished. 0 errors, 2 warnings. (took 1s.180ms)

