../Core/Src/main.c:97:5:main	8	static,ignoring_inline_asm
../Core/Src/main.c:176:6:SystemClock_Config	88	static
../Core/Src/main.c:226:13:MX_ETH_Init	8	static
../Core/Src/main.c:275:13:MX_USART3_UART_Init	8	static
../Core/Src/main.c:310:13:MX_USB_OTG_FS_PCD_Init	8	static
../Core/Src/main.c:345:13:MX_GPIO_Init	56	static
../Core/Src/main.c:397:7:compLdOn	24	static
../Core/Src/main.c:403:7:compLdOff	24	static
../Core/Src/main.c:426:6:HAL_UART_RxCpltCallback	24	static
../Core/Src/main.c:442:6:HAL_UART_TxCpltCallback	16	static
../Core/Src/main.c:453:6:Error_Handler	4	static,ignoring_inline_asm
