../Core/Src/main.c:86:6:zad1	8	static
../Core/Src/main.c:102:6:zad2	16	static
../Core/Src/main.c:116:6:zad3	8	static
../Core/Src/main.c:126:6:zad4	16	static
../Core/Src/main.c:138:6:zad5	16	static
../Core/Src/main.c:160:6:zad6	8	static
../Core/Src/main.c:172:5:main	8	static
../Core/Src/main.c:219:6:SystemClock_Config	88	static
../Core/Src/main.c:269:13:MX_ETH_Init	8	static
../Core/Src/main.c:318:13:MX_USART3_UART_Init	8	static
../Core/Src/main.c:353:13:MX_USB_OTG_FS_PCD_Init	8	static
../Core/Src/main.c:388:13:MX_GPIO_Init	56	static
../Core/Src/main.c:472:6:HAL_GPIO_EXTI_Callback	16	static
../Core/Src/main.c:500:6:Error_Handler	4	static,ignoring_inline_asm
