Archive member included to satisfy reference by file (symbol)

C:/ST/STM32CubeIDE_1.14.0/STM32CubeIDE/plugins/com.st.stm32cube.ide.mcu.externaltools.gnu-tools-for-stm32.11.3.rel1.win32_1.1.100.202309141235/tools/bin/../lib/gcc/arm-none-eabi/11.3.1/../../../../arm-none-eabi/lib/thumb/v7e-m+fp/hard\libc_nano.a(libc_a-exit.o)
                              C:/ST/STM32CubeIDE_1.14.0/STM32CubeIDE/plugins/com.st.stm32cube.ide.mcu.externaltools.gnu-tools-for-stm32.11.3.rel1.win32_1.1.100.202309141235/tools/bin/../lib/gcc/arm-none-eabi/11.3.1/../../../../arm-none-eabi/lib/thumb/v7e-m+fp/hard/crt0.o (exit)
C:/ST/STM32CubeIDE_1.14.0/STM32CubeIDE/plugins/com.st.stm32cube.ide.mcu.externaltools.gnu-tools-for-stm32.11.3.rel1.win32_1.1.100.202309141235/tools/bin/../lib/gcc/arm-none-eabi/11.3.1/../../../../arm-none-eabi/lib/thumb/v7e-m+fp/hard\libc_nano.a(libc_a-findfp.o)
                              C:/ST/STM32CubeIDE_1.14.0/STM32CubeIDE/plugins/com.st.stm32cube.ide.mcu.externaltools.gnu-tools-for-stm32.11.3.rel1.win32_1.1.100.202309141235/tools/bin/../lib/gcc/arm-none-eabi/11.3.1/../../../../arm-none-eabi/lib/thumb/v7e-m+fp/hard\libc_nano.a(libc_a-exit.o) (__stdio_exit_handler)
C:/ST/STM32CubeIDE_1.14.0/STM32CubeIDE/plugins/com.st.stm32cube.ide.mcu.externaltools.gnu-tools-for-stm32.11.3.rel1.win32_1.1.100.202309141235/tools/bin/../lib/gcc/arm-none-eabi/11.3.1/../../../../arm-none-eabi/lib/thumb/v7e-m+fp/hard\libc_nano.a(libc_a-fwalk.o)
                              C:/ST/STM32CubeIDE_1.14.0/STM32CubeIDE/plugins/com.st.stm32cube.ide.mcu.externaltools.gnu-tools-for-stm32.11.3.rel1.win32_1.1.100.202309141235/tools/bin/../lib/gcc/arm-none-eabi/11.3.1/../../../../arm-none-eabi/lib/thumb/v7e-m+fp/hard\libc_nano.a(libc_a-findfp.o) (_fwalk_sglue)
C:/ST/STM32CubeIDE_1.14.0/STM32CubeIDE/plugins/com.st.stm32cube.ide.mcu.externaltools.gnu-tools-for-stm32.11.3.rel1.win32_1.1.100.202309141235/tools/bin/../lib/gcc/arm-none-eabi/11.3.1/../../../../arm-none-eabi/lib/thumb/v7e-m+fp/hard\libc_nano.a(libc_a-stdio.o)
                              C:/ST/STM32CubeIDE_1.14.0/STM32CubeIDE/plugins/com.st.stm32cube.ide.mcu.externaltools.gnu-tools-for-stm32.11.3.rel1.win32_1.1.100.202309141235/tools/bin/../lib/gcc/arm-none-eabi/11.3.1/../../../../arm-none-eabi/lib/thumb/v7e-m+fp/hard\libc_nano.a(libc_a-findfp.o) (__sread)
C:/ST/STM32CubeIDE_1.14.0/STM32CubeIDE/plugins/com.st.stm32cube.ide.mcu.externaltools.gnu-tools-for-stm32.11.3.rel1.win32_1.1.100.202309141235/tools/bin/../lib/gcc/arm-none-eabi/11.3.1/../../../../arm-none-eabi/lib/thumb/v7e-m+fp/hard\libc_nano.a(libc_a-memset.o)
                              C:/ST/STM32CubeIDE_1.14.0/STM32CubeIDE/plugins/com.st.stm32cube.ide.mcu.externaltools.gnu-tools-for-stm32.11.3.rel1.win32_1.1.100.202309141235/tools/bin/../lib/gcc/arm-none-eabi/11.3.1/../../../../arm-none-eabi/lib/thumb/v7e-m+fp/hard/crt0.o (memset)
C:/ST/STM32CubeIDE_1.14.0/STM32CubeIDE/plugins/com.st.stm32cube.ide.mcu.externaltools.gnu-tools-for-stm32.11.3.rel1.win32_1.1.100.202309141235/tools/bin/../lib/gcc/arm-none-eabi/11.3.1/../../../../arm-none-eabi/lib/thumb/v7e-m+fp/hard\libc_nano.a(libc_a-closer.o)
                              C:/ST/STM32CubeIDE_1.14.0/STM32CubeIDE/plugins/com.st.stm32cube.ide.mcu.externaltools.gnu-tools-for-stm32.11.3.rel1.win32_1.1.100.202309141235/tools/bin/../lib/gcc/arm-none-eabi/11.3.1/../../../../arm-none-eabi/lib/thumb/v7e-m+fp/hard\libc_nano.a(libc_a-stdio.o) (_close_r)
C:/ST/STM32CubeIDE_1.14.0/STM32CubeIDE/plugins/com.st.stm32cube.ide.mcu.externaltools.gnu-tools-for-stm32.11.3.rel1.win32_1.1.100.202309141235/tools/bin/../lib/gcc/arm-none-eabi/11.3.1/../../../../arm-none-eabi/lib/thumb/v7e-m+fp/hard\libc_nano.a(libc_a-reent.o)
                              C:/ST/STM32CubeIDE_1.14.0/STM32CubeIDE/plugins/com.st.stm32cube.ide.mcu.externaltools.gnu-tools-for-stm32.11.3.rel1.win32_1.1.100.202309141235/tools/bin/../lib/gcc/arm-none-eabi/11.3.1/../../../../arm-none-eabi/lib/thumb/v7e-m+fp/hard\libc_nano.a(libc_a-closer.o) (errno)
C:/ST/STM32CubeIDE_1.14.0/STM32CubeIDE/plugins/com.st.stm32cube.ide.mcu.externaltools.gnu-tools-for-stm32.11.3.rel1.win32_1.1.100.202309141235/tools/bin/../lib/gcc/arm-none-eabi/11.3.1/../../../../arm-none-eabi/lib/thumb/v7e-m+fp/hard\libc_nano.a(libc_a-impure.o)
                              C:/ST/STM32CubeIDE_1.14.0/STM32CubeIDE/plugins/com.st.stm32cube.ide.mcu.externaltools.gnu-tools-for-stm32.11.3.rel1.win32_1.1.100.202309141235/tools/bin/../lib/gcc/arm-none-eabi/11.3.1/../../../../arm-none-eabi/lib/thumb/v7e-m+fp/hard\libc_nano.a(libc_a-reent.o) (_impure_ptr)
C:/ST/STM32CubeIDE_1.14.0/STM32CubeIDE/plugins/com.st.stm32cube.ide.mcu.externaltools.gnu-tools-for-stm32.11.3.rel1.win32_1.1.100.202309141235/tools/bin/../lib/gcc/arm-none-eabi/11.3.1/../../../../arm-none-eabi/lib/thumb/v7e-m+fp/hard\libc_nano.a(libc_a-lseekr.o)
[...]
Memory Configuration

Name             Origin             Length             Attributes
RAM              0x0000000020000000 0x0000000000050000 xrw
FLASH            0x0000000008000000 0x0000000000100000 xr
*default*        0x0000000000000000 0xffffffffffffffff

Linker script and memory map

LOAD C:/ST/STM32CubeIDE_1.14.0/STM32CubeIDE/plugins/com.st.stm32cube.ide.mcu.externaltools.gnu-tools-for-stm32.11.3.rel1.win32_1.1.100.202309141235/tools/bin/../lib/gcc/arm-none-eabi/11.3.1/thumb/v7e-m+fp/hard/crti.o
LOAD C:/ST/STM32CubeIDE_1.14.0/STM32CubeIDE/plugins/com.st.stm32cube.ide.mcu.externaltools.gnu-tools-for-stm32.11.3.rel1.win32_1.1.100.202309141235/tools/bin/../lib/gcc/arm-none-eabi/11.3.1/thumb/v7e-m+fp/hard/crtbegin.o
LOAD C:/ST/STM32CubeIDE_1.14.0/STM32CubeIDE/plugins/com.st.stm32cube.ide.mcu.externaltools.gnu-tools-for-stm32.11.3.rel1.win32_1.1.100.202309141235/tools/bin/../lib/gcc/arm-none-eabi/11.3.1/../../../../arm-none-eabi/lib/thumb/v7e-m+fp/hard/crt0.o
LOAD ./Components/Src/sine_wave_buffer.o
LOAD ./Core/Src/dac.o
LOAD ./Core/Src/dma.o
LOAD ./Core/Src/gpio.o
LOAD ./Core/Src/main.o
LOAD ./Core/Src/stm32f7xx_hal_msp.o
LOAD ./Core/Src/stm32f7xx_it.o
LOAD ./Core/Src/syscalls.o
LOAD ./Core/Src/sysmem.o
LOAD ./Core/Src/system_stm32f7xx.o
LOAD ./Core/Src/tim.o
LOAD ./Core/Src/usart.o
LOAD ./Core/Startup/startup_stm32f746zgtx.o
LOAD ./Drivers/STM32F7xx_HAL_Driver/Src/stm32f7xx_hal.o
LOAD ./Drivers/STM32F7xx_HAL_Driver/Src/stm32f7xx_hal_cortex.o
LOAD ./Drivers/STM32F7xx_HAL_Driver/Src/stm32f7xx_hal_dac.o
LOAD ./Drivers/STM32F7xx_HAL_Driver/Src/stm32f7xx_hal_dac_ex.o
LOAD ./Drivers/STM32F7xx_HAL_Driver/Src/stm32f7xx_hal_dma.o
LOAD ./Drivers/STM32F7xx_HAL_Driver/Src/stm32f7xx_hal_dma_ex.o
LOAD ./Drivers/STM32F7xx_HAL_Driver/Src/stm32f7xx_hal_exti.o
LOAD ./Drivers/STM32F7xx_HAL_Driver/Src/stm32f7xx_hal_flash.o
LOAD ./Drivers/STM32F7xx_HAL_Driver/Src/stm32f7xx_hal_flash_ex.o
LOAD ./Drivers/STM32F7xx_HAL_Driver/Src/stm32f7xx_hal_gpio.o
LOAD ./Drivers/STM32F7xx_HAL_Driver/Src/stm32f7xx_hal_i2c.o
LOAD ./Drivers/STM32F7xx_HAL_Driver/Src/stm32f7xx_hal_i2c_ex.o
LOAD ./Drivers/STM32F7xx_HAL_Driver/Src/stm32f7xx_hal_pwr.o
LOAD ./Drivers/STM32F7xx_HAL_Driver/Src/stm32f7xx_hal_pwr_ex.o
LOAD ./Drivers/STM32F7xx_HAL_Driver/Src/stm32f7xx_hal_rcc.o
LOAD ./Drivers/STM32F7xx_HAL_Driver/Src/stm32f7xx_hal_rcc_ex.o
LOAD ./Drivers/STM32F7xx_HAL_Driver/Src/stm32f7xx_hal_tim.o
LOAD ./Drivers/STM32F7xx_HAL_Driver/Src/stm32f7xx_hal_tim_ex.o
LOAD ./Drivers/STM32F7xx_HAL_Driver/Src/stm32f7xx_hal_uart.o
LOAD ./Drivers/STM32F7xx_HAL_Driver/Src/stm32f7xx_hal_uart_ex.o
START GROUP
LOAD C:/ST/STM32CubeIDE_1.14.0/STM32CubeIDE/plugins/com.st.stm32cube.ide.mcu.externaltools.gnu-tools-for-stm32.11.3.rel1.win32_1.1.100.202309141235/tools/bin/../lib/gcc/arm-none-eabi/11.3.1/../../../../arm-none-eabi/lib/thumb/v7e-m+fp/hard\libc_nano.a
LOAD C:/ST/STM32CubeIDE_1.14.0/STM32CubeIDE/plugins/com.st.stm32cube.ide.mcu.externaltools.gnu-tools-for-stm32.11.3.rel1.win32_1.1.100.202309141235/tools/bin/../lib/gcc/arm-none-eabi/11.3.1/../../../../arm-none-eabi/lib/thumb/v7e-m+fp/hard\libm.a
END GROUP
START GROUP
LOAD C:/ST/STM32CubeIDE_1.14.0/STM32CubeIDE/plugins/com.st.stm32cube.ide.mcu.externaltools.gnu-tools-for-stm32.11.3.rel1.win32_1.1.100.202309141235/tools/bin/../lib/gcc/arm-none-eabi/11.3.1/thumb/v7e-m+fp/hard\libgcc.a
LOAD C:/ST/STM32CubeIDE_1.14.0/STM32CubeIDE/plugins/com.st.stm32cube.ide.mcu.externaltools.gnu-tools-for-stm32.11.3.rel1.win32_1.1.100.202309141235/tools/bin/../lib/gcc/arm-none-eabi/11.3.1/../../../../arm-none-eabi/lib/thumb/v7e-m+fp/hard\libc_nano.a
END GROUP
START GROUP
LOAD C:/ST/STM32CubeIDE_1.14.0/STM32CubeIDE/plugins/com.st.stm32cube.ide.mcu.externaltools.gnu-tools-for-stm32.11.3.rel1.win32_1.1.100.202309141235/tools/bin/../lib/gcc/arm-none-eabi/11.3.1/thumb/v7e-m+fp/hard\libgcc.a
LOAD C:/ST/STM32CubeIDE_1.14.0/STM32CubeIDE/plugins/com.st.stm32cube.ide.mcu.externaltools.gnu-tools-for-stm32.11.3.rel1.win32_1.1.100.202309141235/tools/bin/../lib/gcc/arm-none-eabi/11.3.1/../../../../arm-none-eabi/lib/thumb/v7e-m+fp/hard\libc_nano.a
LOAD C:/ST/STM32CubeIDE_1.14.0/STM32CubeIDE/plugins/com.st.stm32cube.ide.mcu.externaltools.gnu-tools-for-stm32.11.3.rel1.win32_1.1.100.202309141235/tools/bin/../lib/gcc/arm-none-eabi/11.3.1/../../../../arm-none-eabi/lib/thumb/v7e-m+fp/hard\libnosys.a
END GROUP
START GROUP
LOAD C:/ST/STM32CubeIDE_1.14.0/STM32CubeIDE/plugins/com.st.stm32cube.ide.mcu.externaltools.gnu-tools-for-stm32.11.3.rel1.win32_1.1.100.202309141235/tools/bin/../lib/gcc/arm-none-eabi/11.3.1/thumb/v7e-m+fp/hard\libgcc.a
LOAD C:/ST/STM32CubeIDE_1.14.0/STM32CubeIDE/plugins/com.st.stm32cube.ide.mcu.externaltools.gnu-tools-for-stm32.11.3.rel1.win32_1.1.100.202309141235/tools/bin/../lib/gcc/arm-none-eabi/11.3.1/../../../../arm-none-eabi/lib/thumb/v7e-m+fp/hard\libc_nano.a
LOAD C:/ST/STM32CubeIDE_1.14.0/STM32CubeIDE/plugins/com.st.stm32cube.ide.mcu.externaltools.gnu-tools-for-stm32.11.3.rel1.win32_1.1.100.202309141235/tools/bin/../lib/gcc/arm-none-eabi/11.3.1/../../../../arm-none-eabi/lib/thumb/v7e-m+fp/hard\libnosys.a
END GROUP
LOAD C:/ST/STM32CubeIDE_1.14.0/STM32CubeIDE/plugins/com.st.stm32cube.ide.mcu.externaltools.gnu-tools-for-stm32.11.3.rel1.win32_1.1.100.202309141235/tools/bin/../lib/gcc/arm-none-eabi/11.3.1/thumb/v7e-m+fp/hard/crtend.o
LOAD C:/ST/STM32CubeIDE_1.14.0/STM32CubeIDE/plugins/com.st.stm32cube.ide.mcu.externaltools.gnu-tools-for-stm32.11.3.rel1.win32_1.1.100.202309141235/tools/bin/../lib/gcc/arm-none-eabi/11.3.1/thumb/v7e-m+fp/hard/crtn.o
                0x0000000020050000                _estack = (ORIGIN (RAM) + LENGTH (RAM))
                0x0000000000000200                _Min_Heap_Size = 0x200
                0x0000000000000400                _Min_Stack_Size = 0x400

.isr_vector     0x0000000008000000      0x1c8
                0x0000000008000000                . = ALIGN (0x4)
 *(.isr_vector)
 .isr_vector    0x0000000008000000      0x1c8 ./Core/Startup/startup_stm32f746zgtx.o
                0x0000000008000000                g_pfnVectors
                0x00000000080001c8                . = ALIGN (0x4)

.text           0x00000000080001c8     0x46ac
                0x00000000080001c8                . = ALIGN (0x4)
 *(.text)
 .text          0x00000000080001c8       0x40 C:/ST/STM32CubeIDE_1.14.0/STM32CubeIDE/plugins/com.st.stm32cube.ide.mcu.externaltools.gnu-tools-for-stm32.11.3.rel1.win32_1.1.100.202309141235/tools/bin/../lib/gcc/arm-none-eabi/11.3.1/thumb/v7e-m+fp/hard/crtbegin.o
 .text          0x0000000008000208       0x30 C:/ST/STM32CubeIDE_1.14.0/STM32CubeIDE/plugins/com.st.stm32cube.ide.mcu.externaltools.gnu-tools-for-stm32.11.3.rel1.win32_1.1.100.202309141235/tools/bin/../lib/gcc/arm-none-eabi/11.3.1/thumb/v7e-m+fp/hard\libgcc.a(_aeabi_uldivmod.o)
                0x0000000008000208                __aeabi_uldivmod
 .text          0x0000000008000238      0x2c8 C:/ST/STM32CubeIDE_1.14.0/STM32CubeIDE/plugins/com.st.stm32cube.ide.mcu.externaltools.gnu-tools-for-stm32.11.3.rel1.win32_1.1.100.202309141235/tools/bin/../lib/gcc/arm-none-eabi/11.3.1/thumb/v7e-m+fp/hard\libgcc.a(_udivmoddi4.o)
                0x0000000008000238                __udivmoddi4
 .text          0x0000000008000500        0x4 C:/ST/STM32CubeIDE_1.14.0/STM32CubeIDE/plugins/com.st.stm32cube.ide.mcu.externaltools.gnu-tools-for-stm32.11.3.rel1.win32_1.1.100.202309141235/tools/bin/../lib/gcc/arm-none-eabi/11.3.1/thumb/v7e-m+fp/hard\libgcc.a(_dvmd_tls.o)
                0x0000000008000500                __aeabi_idiv0
                0x0000000008000500                __aeabi_ldiv0
 *(.text*)
 .text.MX_DAC_Init
                0x0000000008000504       0x54 ./Core/Src/dac.o
                0x0000000008000504                MX_DAC_Init
 .text.HAL_DAC_MspInit
                0x0000000008000558       0xe8 ./Core/Src/dac.o
                0x0000000008000558                HAL_DAC_MspInit
 .text.MX_DMA_Init
                0x0000000008000640       0x3c ./Core/Src/dma.o
                0x0000000008000640                MX_DMA_Init
 .text.MX_GPIO_Init
                0x000000000800067c      0x208 ./Core/Src/gpio.o
                0x000000000800067c                MX_GPIO_Init
 .text.main     0x0000000008000884       0x48 ./Core/Src/main.o
                0x0000000008000884                main
 .text.SystemClock_Config
                0x00000000080008cc       0xdc ./Core/Src/main.o
                0x00000000080008cc                SystemClock_Config
 .text.Error_Handler
                0x00000000080009a8        0xa ./Core/Src/main.o
                0x00000000080009a8                Error_Handler
 *fill*         0x00000000080009b2        0x2 
 .text.HAL_MspInit
                0x00000000080009b4       0x48 ./Core/Src/stm32f7xx_hal_msp.o
                0x00000000080009b4                HAL_MspInit
 .text.NMI_Handler
                0x00000000080009fc        0x6 ./Core/Src/stm32f7xx_it.o
                0x00000000080009fc                NMI_Handler
 .text.HardFault_Handler
                0x0000000008000a02        0x6 ./Core/Src/stm32f7xx_it.o
                0x0000000008000a02                HardFault_Handler
 .text.MemManage_Handler
                0x0000000008000a08        0x6 ./Core/Src/stm32f7xx_it.o
                0x0000000008000a08                MemManage_Handler
 .text.BusFault_Handler
                0x0000000008000a0e        0x6 ./Core/Src/stm32f7xx_it.o
                0x0000000008000a0e                BusFault_Handler
 .text.UsageFault_Handler
                0x0000000008000a14        0x6 ./Core/Src/stm32f7xx_it.o
                0x0000000008000a14                UsageFault_Handler
 .text.SVC_Handler
                0x0000000008000a1a        0xe ./Core/Src/stm32f7xx_it.o
                0x0000000008000a1a                SVC_Handler
 .text.DebugMon_Handler
                0x0000000008000a28        0xe ./Core/Src/stm32f7xx_it.o
                0x0000000008000a28                DebugMon_Handler
 .text.PendSV_Handler
                0x0000000008000a36        0xe ./Core/Src/stm32f7xx_it.o
                0x0000000008000a36                PendSV_Handler
 .text.SysTick_Handler
                0x0000000008000a44        0xc ./Core/Src/stm32f7xx_it.o
                0x0000000008000a44                SysTick_Handler
 .text.DMA1_Stream5_IRQHandler
                0x0000000008000a50       0x14 ./Core/Src/stm32f7xx_it.o
                0x0000000008000a50                DMA1_Stream5_IRQHandler
 .text.USART3_IRQHandler
                0x0000000008000a64       0x14 ./Core/Src/stm32f7xx_it.o
                0x0000000008000a64                USART3_IRQHandler
 .text.TIM7_IRQHandler
                0x0000000008000a78       0x14 ./Core/Src/stm32f7xx_it.o
                0x0000000008000a78                TIM7_IRQHandler
 .text.SystemInit
                0x0000000008000a8c       0x24 ./Core/Src/system_stm32f7xx.o
                0x0000000008000a8c                SystemInit
 .text.MX_TIM7_Init
                0x0000000008000ab0       0x6c ./Core/Src/tim.o
                0x0000000008000ab0                MX_TIM7_Init
 .text.HAL_TIM_Base_MspInit
                0x0000000008000b1c       0x4c ./Core/Src/tim.o
                0x0000000008000b1c                HAL_TIM_Base_MspInit
 .text.MX_USART3_UART_Init
                0x0000000008000b68       0x60 ./Core/Src/usart.o
                0x0000000008000b68                MX_USART3_UART_Init
 .text.HAL_UART_MspInit
                0x0000000008000bc8       0xd0 ./Core/Src/usart.o
                0x0000000008000bc8                HAL_UART_MspInit
 .text.Reset_Handler
                0x0000000008000c98       0x50 ./Core/Startup/startup_stm32f746zgtx.o
                0x0000000008000c98                Reset_Handler
 .text.Default_Handler
                0x0000000008000ce8        0x2 ./Core/Startup/startup_stm32f746zgtx.o
                0x0000000008000ce8                RTC_Alarm_IRQHandler
                0x0000000008000ce8                EXTI2_IRQHandler
                0x0000000008000ce8                TIM8_CC_IRQHandler
                0x0000000008000ce8                UART8_IRQHandler
                0x0000000008000ce8                SPI4_IRQHandler
                0x0000000008000ce8                TIM1_CC_IRQHandler
                0x0000000008000ce8                DMA2_Stream5_IRQHandler
                0x0000000008000ce8                PVD_IRQHandler
                0x0000000008000ce8                TAMP_STAMP_IRQHandler
                0x0000000008000ce8                CAN2_RX1_IRQHandler
                0x0000000008000ce8                EXTI3_IRQHandler
                0x0000000008000ce8                TIM8_TRG_COM_TIM14_IRQHandler
                0x0000000008000ce8                TIM1_UP_TIM10_IRQHandler
                0x0000000008000ce8                TIM8_UP_TIM13_IRQHandler
                0x0000000008000ce8                I2C3_ER_IRQHandler
                0x0000000008000ce8                EXTI0_IRQHandler
                0x0000000008000ce8                I2C2_EV_IRQHandler
                0x0000000008000ce8                DMA1_Stream2_IRQHandler
                0x0000000008000ce8                CAN1_RX0_IRQHandler
                0x0000000008000ce8                FPU_IRQHandler
                0x0000000008000ce8                OTG_HS_WKUP_IRQHandler
                0x0000000008000ce8                LTDC_ER_IRQHandler
                0x0000000008000ce8                CAN2_SCE_IRQHandler
                0x0000000008000ce8                DMA2_Stream2_IRQHandler
                0x0000000008000ce8                SPI1_IRQHandler
                0x0000000008000ce8                TIM6_DAC_IRQHandler
                0x0000000008000ce8                TIM1_BRK_TIM9_IRQHandler
                0x0000000008000ce8                DCMI_IRQHandler
                0x0000000008000ce8                CAN2_RX0_IRQHandler
                0x0000000008000ce8                DMA2_Stream3_IRQHandler
                0x0000000008000ce8                SAI2_IRQHandler
                0x0000000008000ce8                USART6_IRQHandler
                0x0000000008000ce8                CAN1_RX1_IRQHandler
                0x0000000008000ce8                UART5_IRQHandler
                0x0000000008000ce8                DMA2_Stream0_IRQHandler
                0x0000000008000ce8                TIM4_IRQHandler
                0x0000000008000ce8                QUADSPI_IRQHandler
                0x0000000008000ce8                I2C1_EV_IRQHandler
                0x0000000008000ce8                DMA1_Stream6_IRQHandler
                0x0000000008000ce8                DMA1_Stream1_IRQHandler
                0x0000000008000ce8                UART4_IRQHandler
                0x0000000008000ce8                TIM3_IRQHandler
                0x0000000008000ce8                RCC_IRQHandler
                0x0000000008000ce8                TIM8_BRK_TIM12_IRQHandler
                0x0000000008000ce8                Default_Handler
                0x0000000008000ce8                CEC_IRQHandler
                0x0000000008000ce8                EXTI15_10_IRQHandler
                0x0000000008000ce8                ADC_IRQHandler
                0x0000000008000ce8                DMA1_Stream7_IRQHandler
                0x0000000008000ce8                SPI5_IRQHandler
                0x0000000008000ce8                SDMMC1_IRQHandler
                0x0000000008000ce8                CAN2_TX_IRQHandler
                0x0000000008000ce8                TIM5_IRQHandler
                0x0000000008000ce8                DMA2_Stream7_IRQHandler
                0x0000000008000ce8                I2C3_EV_IRQHandler
                0x0000000008000ce8                EXTI9_5_IRQHandler
                0x0000000008000ce8                RTC_WKUP_IRQHandler
                0x0000000008000ce8                LTDC_IRQHandler
                0x0000000008000ce8                ETH_WKUP_IRQHandler
                0x0000000008000ce8                SPDIF_RX_IRQHandler
                0x0000000008000ce8                SPI2_IRQHandler
                0x0000000008000ce8                OTG_HS_EP1_IN_IRQHandler
                0x0000000008000ce8                DMA1_Stream0_IRQHandler
                0x0000000008000ce8                CAN1_TX_IRQHandler
                0x0000000008000ce8                EXTI4_IRQHandler
                0x0000000008000ce8                RNG_IRQHandler
                0x0000000008000ce8                ETH_IRQHandler
                0x0000000008000ce8                OTG_HS_EP1_OUT_IRQHandler
                0x0000000008000ce8                WWDG_IRQHandler
                0x0000000008000ce8                SPI6_IRQHandler
                0x0000000008000ce8                I2C4_EV_IRQHandler
                0x0000000008000ce8                TIM2_IRQHandler
                0x0000000008000ce8                OTG_FS_WKUP_IRQHandler
                0x0000000008000ce8                TIM1_TRG_COM_TIM11_IRQHandler
                0x0000000008000ce8                OTG_HS_IRQHandler
                0x0000000008000ce8                DMA2D_IRQHandler
                0x0000000008000ce8                EXTI1_IRQHandler
                0x0000000008000ce8                UART7_IRQHandler
                0x0000000008000ce8                USART2_IRQHandler
                0x0000000008000ce8                I2C2_ER_IRQHandler
                0x0000000008000ce8                DMA2_Stream1_IRQHandler
                0x0000000008000ce8                CAN1_SCE_IRQHandler
                0x0000000008000ce8                FLASH_IRQHandler
                0x0000000008000ce8                DMA2_Stream4_IRQHandler
                0x0000000008000ce8                USART1_IRQHandler
                0x0000000008000ce8                OTG_FS_IRQHandler
                0x0000000008000ce8                SPI3_IRQHandler
                0x0000000008000ce8                DMA1_Stream4_IRQHandler
                0x0000000008000ce8                I2C1_ER_IRQHandler
                0x0000000008000ce8                FMC_IRQHandler
                0x0000000008000ce8                LPTIM1_IRQHandler
                0x0000000008000ce8                I2C4_ER_IRQHandler
                0x0000000008000ce8                DMA2_Stream6_IRQHandler
                0x0000000008000ce8                SAI1_IRQHandler
                0x0000000008000ce8                DMA1_Stream3_IRQHandler
 .text.HAL_Init
                0x0000000008000cea       0x1a ./Drivers/STM32F7xx_HAL_Driver/Src/stm32f7xx_hal.o
                0x0000000008000cea                HAL_Init
 .text.HAL_InitTick
                0x0000000008000d04       0x60 ./Drivers/STM32F7xx_HAL_Driver/Src/stm32f7xx_hal.o
                0x0000000008000d04                HAL_InitTick
 .text.HAL_IncTick
                0x0000000008000d64       0x28 ./Drivers/STM32F7xx_HAL_Driver/Src/stm32f7xx_hal.o
                0x0000000008000d64                HAL_IncTick
 .text.HAL_GetTick
                0x0000000008000d8c       0x18 ./Drivers/STM32F7xx_HAL_Driver/Src/stm32f7xx_hal.o
                0x0000000008000d8c                HAL_GetTick
 .text.__NVIC_SetPriorityGrouping
                0x0000000008000da4       0x48 ./Drivers/STM32F7xx_HAL_Driver/Src/stm32f7xx_hal_cortex.o
 .text.__NVIC_GetPriorityGrouping
                0x0000000008000dec       0x1c ./Drivers/STM32F7xx_HAL_Driver/Src/stm32f7xx_hal_cortex.o
 .text.__NVIC_EnableIRQ
                0x0000000008000e08       0x3c ./Drivers/STM32F7xx_HAL_Driver/Src/stm32f7xx_hal_cortex.o
 .text.__NVIC_SetPriority
                0x0000000008000e44       0x54 ./Drivers/STM32F7xx_HAL_Driver/Src/stm32f7xx_hal_cortex.o
 .text.NVIC_EncodePriority
                0x0000000008000e98       0x66 ./Drivers/STM32F7xx_HAL_Driver/Src/stm32f7xx_hal_cortex.o
 *fill*         0x0000000008000efe        0x2 
 .text.SysTick_Config
                0x0000000008000f00       0x44 ./Drivers/STM32F7xx_HAL_Driver/Src/stm32f7xx_hal_cortex.o
 .text.HAL_NVIC_SetPriorityGrouping
                0x0000000008000f44       0x16 ./Drivers/STM32F7xx_HAL_Driver/Src/stm32f7xx_hal_cortex.o
                0x0000000008000f44                HAL_NVIC_SetPriorityGrouping
 .text.HAL_NVIC_SetPriority
                0x0000000008000f5a       0x38 ./Drivers/STM32F7xx_HAL_Driver/Src/stm32f7xx_hal_cortex.o
                0x0000000008000f5a                HAL_NVIC_SetPriority
 .text.HAL_NVIC_EnableIRQ
                0x0000000008000f92       0x1c ./Drivers/STM32F7xx_HAL_Driver/Src/stm32f7xx_hal_cortex.o
                0x0000000008000f92                HAL_NVIC_EnableIRQ
 .text.HAL_SYSTICK_Config
                0x0000000008000fae       0x18 ./Drivers/STM32F7xx_HAL_Driver/Src/stm32f7xx_hal_cortex.o
                0x0000000008000fae                HAL_SYSTICK_Config
 .text.HAL_DAC_Init
                0x0000000008000fc6       0x44 ./Drivers/STM32F7xx_HAL_Driver/Src/stm32f7xx_hal_dac.o
                0x0000000008000fc6                HAL_DAC_Init
 *fill*         0x000000000800100a        0x2 
 .text.HAL_DAC_Start_DMA
                0x000000000800100c      0x198 ./Drivers/STM32F7xx_HAL_Driver/Src/stm32f7xx_hal_dac.o
                0x000000000800100c                HAL_DAC_Start_DMA
 .text.HAL_DAC_ConvCpltCallbackCh1
                0x00000000080011a4       0x14 ./Drivers/STM32F7xx_HAL_Driver/Src/stm32f7xx_hal_dac.o
                0x00000000080011a4                HAL_DAC_ConvCpltCallbackCh1
 .text.HAL_DAC_ConvHalfCpltCallbackCh1
                0x00000000080011b8       0x14 ./Drivers/STM32F7xx_HAL_Driver/Src/stm32f7xx_hal_dac.o
                0x00000000080011b8                HAL_DAC_ConvHalfCpltCallbackCh1
 .text.HAL_DAC_ErrorCallbackCh1
                0x00000000080011cc       0x14 ./Drivers/STM32F7xx_HAL_Driver/Src/stm32f7xx_hal_dac.o
                0x00000000080011cc                HAL_DAC_ErrorCallbackCh1
 .text.HAL_DAC_ConfigChannel
                0x00000000080011e0       0x9e ./Drivers/STM32F7xx_HAL_Driver/Src/stm32f7xx_hal_dac.o
                0x00000000080011e0                HAL_DAC_ConfigChannel
 .text.DAC_DMAConvCpltCh1
                0x000000000800127e       0x22 ./Drivers/STM32F7xx_HAL_Driver/Src/stm32f7xx_hal_dac.o
                0x000000000800127e                DAC_DMAConvCpltCh1
 .text.DAC_DMAHalfConvCpltCh1
                0x00000000080012a0       0x1c ./Drivers/STM32F7xx_HAL_Driver/Src/stm32f7xx_hal_dac.o
                0x00000000080012a0                DAC_DMAHalfConvCpltCh1
 .text.DAC_DMAErrorCh1
                0x00000000080012bc       0x2e ./Drivers/STM32F7xx_HAL_Driver/Src/stm32f7xx_hal_dac.o
                0x00000000080012bc                DAC_DMAErrorCh1
 .text.HAL_DACEx_ConvCpltCallbackCh2
                0x00000000080012ea       0x14 ./Drivers/STM32F7xx_HAL_Driver/Src/stm32f7xx_hal_dac_ex.o
                0x00000000080012ea                HAL_DACEx_ConvCpltCallbackCh2
 .text.HAL_DACEx_ConvHalfCpltCallbackCh2
                0x00000000080012fe       0x14 ./Drivers/STM32F7xx_HAL_Driver/Src/stm32f7xx_hal_dac_ex.o
                0x00000000080012fe                HAL_DACEx_ConvHalfCpltCallbackCh2
 .text.HAL_DACEx_ErrorCallbackCh2
                0x0000000008001312       0x14 ./Drivers/STM32F7xx_HAL_Driver/Src/stm32f7xx_hal_dac_ex.o
                0x0000000008001312                HAL_DACEx_ErrorCallbackCh2
 .text.DAC_DMAConvCpltCh2
                0x0000000008001326       0x22 ./Drivers/STM32F7xx_HAL_Driver/Src/stm32f7xx_hal_dac_ex.o
                0x0000000008001326                DAC_DMAConvCpltCh2
 .text.DAC_DMAHalfConvCpltCh2
                0x0000000008001348       0x1c ./Drivers/STM32F7xx_HAL_Driver/Src/stm32f7xx_hal_dac_ex.o
                0x0000000008001348                DAC_DMAHalfConvCpltCh2
 .text.DAC_DMAErrorCh2
                0x0000000008001364       0x2e ./Drivers/STM32F7xx_HAL_Driver/Src/stm32f7xx_hal_dac_ex.o
                0x0000000008001364                DAC_DMAErrorCh2
 *fill*         0x0000000008001392        0x2 
 .text.HAL_DMA_Init
                0x0000000008001394      0x15c ./Drivers/STM32F7xx_HAL_Driver/Src/stm32f7xx_hal_dma.o
                0x0000000008001394                HAL_DMA_Init
 .text.HAL_DMA_Start_IT
                0x00000000080014f0       0xc0 ./Drivers/STM32F7xx_HAL_Driver/Src/stm32f7xx_hal_dma.o
                0x00000000080014f0                HAL_DMA_Start_IT
 .text.HAL_DMA_Abort
                0x00000000080015b0       0xe0 ./Drivers/STM32F7xx_HAL_Driver/Src/stm32f7xx_hal_dma.o
                0x00000000080015b0                HAL_DMA_Abort
 .text.HAL_DMA_Abort_IT
                0x0000000008001690       0x44 ./Drivers/STM32F7xx_HAL_Driver/Src/stm32f7xx_hal_dma.o
                0x0000000008001690                HAL_DMA_Abort_IT
 .text.HAL_DMA_IRQHandler
                0x00000000080016d4      0x314 ./Drivers/STM32F7xx_HAL_Driver/Src/stm32f7xx_hal_dma.o
                0x00000000080016d4                HAL_DMA_IRQHandler
 .text.DMA_SetConfig
                0x00000000080019e8       0x5c ./Drivers/STM32F7xx_HAL_Driver/Src/stm32f7xx_hal_dma.o
 .text.DMA_CalcBaseAndBitshift
                0x0000000008001a44       0x6c ./Drivers/STM32F7xx_HAL_Driver/Src/stm32f7xx_hal_dma.o
 .text.DMA_CheckFifoParam
                0x0000000008001ab0       0xf8 ./Drivers/STM32F7xx_HAL_Driver/Src/stm32f7xx_hal_dma.o
 .text.HAL_GPIO_Init
                0x0000000008001ba8      0x358 ./Drivers/STM32F7xx_HAL_Driver/Src/stm32f7xx_hal_gpio.o
                0x0000000008001ba8                HAL_GPIO_Init
 .text.HAL_GPIO_WritePin
                0x0000000008001f00       0x32 ./Drivers/STM32F7xx_HAL_Driver/Src/stm32f7xx_hal_gpio.o
                0x0000000008001f00                HAL_GPIO_WritePin
 *fill*         0x0000000008001f32        0x2 
 .text.HAL_PWR_EnableBkUpAccess
                0x0000000008001f34       0x20 ./Drivers/STM32F7xx_HAL_Driver/Src/stm32f7xx_hal_pwr.o
                0x0000000008001f34                HAL_PWR_EnableBkUpAccess
 .text.HAL_PWREx_EnableOverDrive
                0x0000000008001f54       0xa0 ./Drivers/STM32F7xx_HAL_Driver/Src/stm32f7xx_hal_pwr_ex.o
                0x0000000008001f54                HAL_PWREx_EnableOverDrive
 .text.HAL_RCC_OscConfig
                0x0000000008001ff4      0x548 ./Drivers/STM32F7xx_HAL_Driver/Src/stm32f7xx_hal_rcc.o
                0x0000000008001ff4                HAL_RCC_OscConfig
 .text.HAL_RCC_ClockConfig
                0x000000000800253c      0x1d8 ./Drivers/STM32F7xx_HAL_Driver/Src/stm32f7xx_hal_rcc.o
                0x000000000800253c                HAL_RCC_ClockConfig
 .text.HAL_RCC_GetSysClockFreq
                0x0000000008002714      0x20c ./Drivers/STM32F7xx_HAL_Driver/Src/stm32f7xx_hal_rcc.o
                0x0000000008002714                HAL_RCC_GetSysClockFreq
 .text.HAL_RCC_GetHCLKFreq
                0x0000000008002920       0x18 ./Drivers/STM32F7xx_HAL_Driver/Src/stm32f7xx_hal_rcc.o
                0x0000000008002920                HAL_RCC_GetHCLKFreq
 .text.HAL_RCC_GetPCLK1Freq
                0x0000000008002938       0x28 ./Drivers/STM32F7xx_HAL_Driver/Src/stm32f7xx_hal_rcc.o
                0x0000000008002938                HAL_RCC_GetPCLK1Freq
 .text.HAL_RCC_GetPCLK2Freq
                0x0000000008002960       0x28 ./Drivers/STM32F7xx_HAL_Driver/Src/stm32f7xx_hal_rcc.o
                0x0000000008002960                HAL_RCC_GetPCLK2Freq
 .text.HAL_RCCEx_PeriphCLKConfig
                0x0000000008002988      0x7e0 ./Drivers/STM32F7xx_HAL_Driver/Src/stm32f7xx_hal_rcc_ex.o
                0x0000000008002988                HAL_RCCEx_PeriphCLKConfig
 .text.HAL_TIM_Base_Init
                0x0000000008003168       0xae ./Drivers/STM32F7xx_HAL_Driver/Src/stm32f7xx_hal_tim.o
                0x0000000008003168                HAL_TIM_Base_Init
 *fill*         0x0000000008003216        0x2 
 .text.HAL_TIM_Base_Start
                0x0000000008003218       0xe0 ./Drivers/STM32F7xx_HAL_Driver/Src/stm32f7xx_hal_tim.o
                0x0000000008003218                HAL_TIM_Base_Start
 .text.HAL_TIM_IRQHandler
                0x00000000080032f8      0x23e ./Drivers/STM32F7xx_HAL_Driver/Src/stm32f7xx_hal_tim.o
                0x00000000080032f8                HAL_TIM_IRQHandler
 .text.HAL_TIM_PeriodElapsedCallback
                0x0000000008003536       0x14 ./Drivers/STM32F7xx_HAL_Driver/Src/stm32f7xx_hal_tim.o
                0x0000000008003536                HAL_TIM_PeriodElapsedCallback
 .text.HAL_TIM_OC_DelayElapsedCallback
                0x000000000800354a       0x14 ./Drivers/STM32F7xx_HAL_Driver/Src/stm32f7xx_hal_tim.o
                0x000000000800354a                HAL_TIM_OC_DelayElapsedCallback
 .text.HAL_TIM_IC_CaptureCallback
                0x000000000800355e       0x14 ./Drivers/STM32F7xx_HAL_Driver/Src/stm32f7xx_hal_tim.o
                0x000000000800355e                HAL_TIM_IC_CaptureCallback
 .text.HAL_TIM_PWM_PulseFinishedCallback
                0x0000000008003572       0x14 ./Drivers/STM32F7xx_HAL_Driver/Src/stm32f7xx_hal_tim.o
                0x0000000008003572                HAL_TIM_PWM_PulseFinishedCallback
 .text.HAL_TIM_TriggerCallback
                0x0000000008003586       0x14 ./Drivers/STM32F7xx_HAL_Driver/Src/stm32f7xx_hal_tim.o
                0x0000000008003586                HAL_TIM_TriggerCallback
 *fill*         0x000000000800359a        0x2 
 .text.TIM_Base_SetConfig
                0x000000000800359c      0x140 ./Drivers/STM32F7xx_HAL_Driver/Src/stm32f7xx_hal_tim.o
                0x000000000800359c                TIM_Base_SetConfig
 .text.HAL_TIMEx_MasterConfigSynchronization
                0x00000000080036dc      0x11c ./Drivers/STM32F7xx_HAL_Driver/Src/stm32f7xx_hal_tim_ex.o
                0x00000000080036dc                HAL_TIMEx_MasterConfigSynchronization
 .text.HAL_TIMEx_CommutCallback
                0x00000000080037f8       0x14 ./Drivers/STM32F7xx_HAL_Driver/Src/stm32f7xx_hal_tim_ex.o
                0x00000000080037f8                HAL_TIMEx_CommutCallback
 .text.HAL_TIMEx_BreakCallback
                0x000000000800380c       0x14 ./Drivers/STM32F7xx_HAL_Driver/Src/stm32f7xx_hal_tim_ex.o
                0x000000000800380c                HAL_TIMEx_BreakCallback
 .text.HAL_TIMEx_Break2Callback
                0x0000000008003820       0x14 ./Drivers/STM32F7xx_HAL_Driver/Src/stm32f7xx_hal_tim_ex.o
                0x0000000008003820                HAL_TIMEx_Break2Callback
 .text.HAL_UART_Init
                0x0000000008003834       0x9c ./Drivers/STM32F7xx_HAL_Driver/Src/stm32f7xx_hal_uart.o
                0x0000000008003834                HAL_UART_Init
 .text.HAL_UART_IRQHandler
                0x00000000080038d0      0x5a4 ./Drivers/STM32F7xx_HAL_Driver/Src/stm32f7xx_hal_uart.o
                0x00000000080038d0                HAL_UART_IRQHandler
 .text.HAL_UART_TxCpltCallback
                0x0000000008003e74       0x14 ./Drivers/STM32F7xx_HAL_Driver/Src/stm32f7xx_hal_uart.o
                0x0000000008003e74                HAL_UART_TxCpltCallback
 .text.HAL_UART_ErrorCallback
                0x0000000008003e88       0x14 ./Drivers/STM32F7xx_HAL_Driver/Src/stm32f7xx_hal_uart.o
                0x0000000008003e88                HAL_UART_ErrorCallback
 .text.HAL_UARTEx_RxEventCallback
                0x0000000008003e9c       0x18 ./Drivers/STM32F7xx_HAL_Driver/Src/stm32f7xx_hal_uart.o
                0x0000000008003e9c                HAL_UARTEx_RxEventCallback
 .text.UART_SetConfig
                0x0000000008003eb4      0x4c8 ./Drivers/STM32F7xx_HAL_Driver/Src/stm32f7xx_hal_uart.o
                0x0000000008003eb4                UART_SetConfig
 .text.UART_AdvFeatureConfig
                0x000000000800437c      0x144 ./Drivers/STM32F7xx_HAL_Driver/Src/stm32f7xx_hal_uart.o
                0x000000000800437c                UART_AdvFeatureConfig
 .text.UART_CheckIdleState
                0x00000000080044c0       0x6e ./Drivers/STM32F7xx_HAL_Driver/Src/stm32f7xx_hal_uart.o
                0x00000000080044c0                UART_CheckIdleState
 .text.UART_WaitOnFlagUntilTimeout
                0x000000000800452e      0x18c ./Drivers/STM32F7xx_HAL_Driver/Src/stm32f7xx_hal_uart.o
                0x000000000800452e                UART_WaitOnFlagUntilTimeout
 .text.UART_EndRxTransfer
                0x00000000080046ba       0xc8 ./Drivers/STM32F7xx_HAL_Driver/Src/stm32f7xx_hal_uart.o
 .text.UART_DMAAbortOnError
                0x0000000008004782       0x2c ./Drivers/STM32F7xx_HAL_Driver/Src/stm32f7xx_hal_uart.o
 .text.UART_EndTransmit_IT
                0x00000000080047ae       0x54 ./Drivers/STM32F7xx_HAL_Driver/Src/stm32f7xx_hal_uart.o
 .text.memset   0x0000000008004802       0x10 C:/ST/STM32CubeIDE_1.14.0/STM32CubeIDE/plugins/com.st.stm32cube.ide.mcu.externaltools.gnu-tools-for-stm32.11.3.rel1.win32_1.1.100.202309141235/tools/bin/../lib/gcc/arm-none-eabi/11.3.1/../../../../arm-none-eabi/lib/thumb/v7e-m+fp/hard\libc_nano.a(libc_a-memset.o)
                0x0000000008004802                memset
 *fill*         0x0000000008004812        0x2 
 .text.__libc_init_array
                0x0000000008004814       0x48 C:/ST/STM32CubeIDE_1.14.0/STM32CubeIDE/plugins/com.st.stm32cube.ide.mcu.externaltools.gnu-tools-for-stm32.11.3.rel1.win32_1.1.100.202309141235/tools/bin/../lib/gcc/arm-none-eabi/11.3.1/../../../../arm-none-eabi/lib/thumb/v7e-m+fp/hard\libc_nano.a(libc_a-init.o)
                0x0000000008004814                __libc_init_array
 *(.glue_7)
 .glue_7        0x000000000800485c        0x0 linker stubs
 *(.glue_7t)
 .glue_7t       0x000000000800485c        0x0 linker stubs
 *(.eh_frame)
 .eh_frame      0x000000000800485c        0x0 C:/ST/STM32CubeIDE_1.14.0/STM32CubeIDE/plugins/com.st.stm32cube.ide.mcu.externaltools.gnu-tools-for-stm32.11.3.rel1.win32_1.1.100.202309141235/tools/bin/../lib/gcc/arm-none-eabi/11.3.1/thumb/v7e-m+fp/hard/crtbegin.o
 *(.init)
 .init          0x000000000800485c        0x4 C:/ST/STM32CubeIDE_1.14.0/STM32CubeIDE/plugins/com.st.stm32cube.ide.mcu.externaltools.gnu-tools-for-stm32.11.3.rel1.win32_1.1.100.202309141235/tools/bin/../lib/gcc/arm-none-eabi/11.3.1/thumb/v7e-m+fp/hard/crti.o
                0x000000000800485c                _init
 .init          0x0000000008004860        0x8 C:/ST/STM32CubeIDE_1.14.0/STM32CubeIDE/plugins/com.st.stm32cube.ide.mcu.externaltools.gnu-tools-for-stm32.11.3.rel1.win32_1.1.100.202309141235/tools/bin/../lib/gcc/arm-none-eabi/11.3.1/thumb/v7e-m+fp/hard/crtn.o
 *(.fini)
 .fini          0x0000000008004868        0x4 C:/ST/STM32CubeIDE_1.14.0/STM32CubeIDE/plugins/com.st.stm32cube.ide.mcu.externaltools.gnu-tools-for-stm32.11.3.rel1.win32_1.1.100.202309141235/tools/bin/../lib/gcc/arm-none-eabi/11.3.1/thumb/v7e-m+fp/hard/crti.o
                0x0000000008004868                _fini
 .fini          0x000000000800486c        0x8 C:/ST/STM32CubeIDE_1.14.0/STM32CubeIDE/plugins/com.st.stm32cube.ide.mcu.externaltools.gnu-tools-for-stm32.11.3.rel1.win32_1.1.100.202309141235/tools/bin/../lib/gcc/arm-none-eabi/11.3.1/thumb/v7e-m+fp/hard/crtn.o
                0x0000000008004874                . = ALIGN (0x4)
                0x0000000008004874                _etext = .

.vfp11_veneer   0x0000000008004874        0x0
 .vfp11_veneer  0x0000000008004874        0x0 linker stubs

.v4_bx          0x0000000008004874        0x0
 .v4_bx         0x0000000008004874        0x0 linker stubs

.iplt           0x0000000008004874        0x0
 .iplt          0x0000000008004874        0x0 C:/ST/STM32CubeIDE_1.14.0/STM32CubeIDE/plugins/com.st.stm32cube.ide.mcu.externaltools.gnu-tools-for-stm32.11.3.rel1.win32_1.1.100.202309141235/tools/bin/../lib/gcc/arm-none-eabi/11.3.1/thumb/v7e-m+fp/hard/crtbegin.o

.rodata         0x0000000008004874       0x20
                0x0000000008004874                . = ALIGN (0x4)
 *(.rodata)
 *(.rodata*)
 .rodata.AHBPrescTable
                0x0000000008004874       0x10 ./Core/Src/system_stm32f7xx.o
                0x0000000008004874                AHBPrescTable
 .rodata.APBPrescTable
                0x0000000008004884        0x8 ./Core/Src/system_stm32f7xx.o
                0x0000000008004884                APBPrescTable
 .rodata.flagBitshiftOffset.0
                0x000000000800488c        0x8 ./Drivers/STM32F7xx_HAL_Driver/Src/stm32f7xx_hal_dma.o
                0x0000000008004894                . = ALIGN (0x4)

.ARM.extab      0x0000000008004894        0x0
                0x0000000008004894                . = ALIGN (0x4)
 *(.ARM.extab* .gnu.linkonce.armextab.*)
                0x0000000008004894                . = ALIGN (0x4)

.ARM            0x0000000008004894        0x8
                0x0000000008004894                . = ALIGN (0x4)
                0x0000000008004894                __exidx_start = .
 *(.ARM.exidx*)
 .ARM.exidx     0x0000000008004894        0x8 C:/ST/STM32CubeIDE_1.14.0/STM32CubeIDE/plugins/com.st.stm32cube.ide.mcu.externaltools.gnu-tools-for-stm32.11.3.rel1.win32_1.1.100.202309141235/tools/bin/../lib/gcc/arm-none-eabi/11.3.1/thumb/v7e-m+fp/hard\libgcc.a(_udivmoddi4.o)
                0x000000000800489c                __exidx_end = .
                0x000000000800489c                . = ALIGN (0x4)

.rel.dyn        0x000000000800489c        0x0
 .rel.iplt      0x000000000800489c        0x0 C:/ST/STM32CubeIDE_1.14.0/STM32CubeIDE/plugins/com.st.stm32cube.ide.mcu.externaltools.gnu-tools-for-stm32.11.3.rel1.win32_1.1.100.202309141235/tools/bin/../lib/gcc/arm-none-eabi/11.3.1/thumb/v7e-m+fp/hard/crtbegin.o

.preinit_array  0x000000000800489c        0x0
                0x000000000800489c                . = ALIGN (0x4)
                0x000000000800489c                PROVIDE (__preinit_array_start = .)
 *(.preinit_array*)
                0x000000000800489c                PROVIDE (__preinit_array_end = .)
                0x000000000800489c                . = ALIGN (0x4)

.init_array     0x000000000800489c        0x4
                0x000000000800489c                . = ALIGN (0x4)
                0x000000000800489c                PROVIDE (__init_array_start = .)
 *(SORT_BY_NAME(.init_array.*))
 *(.init_array*)
 .init_array    0x000000000800489c        0x4 C:/ST/STM32CubeIDE_1.14.0/STM32CubeIDE/plugins/com.st.stm32cube.ide.mcu.externaltools.gnu-tools-for-stm32.11.3.rel1.win32_1.1.100.202309141235/tools/bin/../lib/gcc/arm-none-eabi/11.3.1/thumb/v7e-m+fp/hard/crtbegin.o
                0x00000000080048a0                PROVIDE (__init_array_end = .)
                0x00000000080048a0                . = ALIGN (0x4)

.fini_array     0x00000000080048a0        0x4
                0x00000000080048a0                . = ALIGN (0x4)
                [!provide]                        PROVIDE (__fini_array_start = .)
 *(SORT_BY_NAME(.fini_array.*))
 *(.fini_array*)
 .fini_array    0x00000000080048a0        0x4 C:/ST/STM32CubeIDE_1.14.0/STM32CubeIDE/plugins/com.st.stm32cube.ide.mcu.externaltools.gnu-tools-for-stm32.11.3.rel1.win32_1.1.100.202309141235/tools/bin/../lib/gcc/arm-none-eabi/11.3.1/thumb/v7e-m+fp/hard/crtbegin.o
                [!provide]                        PROVIDE (__fini_array_end = .)
                0x00000000080048a4                . = ALIGN (0x4)
                0x00000000080048a4                _sidata = LOADADDR (.data)

.data           0x0000000020000000       0xd4 load address 0x00000000080048a4
                0x0000000020000000                . = ALIGN (0x4)
                0x0000000020000000                _sdata = .
 *(.data)
 *(.data*)
 .data.sin_wave
                0x0000000020000000       0xc8 ./Core/Src/main.o
                0x0000000020000000                sin_wave
 .data.SystemCoreClock
                0x00000000200000c8        0x4 ./Core/Src/system_stm32f7xx.o
                0x00000000200000c8                SystemCoreClock
 .data.uwTickPrio
                0x00000000200000cc        0x4 ./Drivers/STM32F7xx_HAL_Driver/Src/stm32f7xx_hal.o
                0x00000000200000cc                uwTickPrio
 .data.uwTickFreq
                0x00000000200000d0        0x1 ./Drivers/STM32F7xx_HAL_Driver/Src/stm32f7xx_hal.o
                0x00000000200000d0                uwTickFreq
 *(.RamFunc)
 *(.RamFunc*)
                0x00000000200000d4                . = ALIGN (0x4)
 *fill*         0x00000000200000d1        0x3 
                0x00000000200000d4                _edata = .

.igot.plt       0x00000000200000d4        0x0 load address 0x0000000008004978
 .igot.plt      0x00000000200000d4        0x0 C:/ST/STM32CubeIDE_1.14.0/STM32CubeIDE/plugins/com.st.stm32cube.ide.mcu.externaltools.gnu-tools-for-stm32.11.3.rel1.win32_1.1.100.202309141235/tools/bin/../lib/gcc/arm-none-eabi/11.3.1/thumb/v7e-m+fp/hard/crtbegin.o
                0x00000000200000d4                . = ALIGN (0x4)

.bss            0x00000000200000d4      0x168 load address 0x0000000008004978
                0x00000000200000d4                _sbss = .
                0x00000000200000d4                __bss_start__ = _sbss
 *(.bss)
 .bss           0x00000000200000d4       0x1c C:/ST/STM32CubeIDE_1.14.0/STM32CubeIDE/plugins/com.st.stm32cube.ide.mcu.externaltools.gnu-tools-for-stm32.11.3.rel1.win32_1.1.100.202309141235/tools/bin/../lib/gcc/arm-none-eabi/11.3.1/thumb/v7e-m+fp/hard/crtbegin.o
 *(.bss*)
 .bss.hdac      0x00000000200000f0       0x14 ./Core/Src/dac.o
                0x00000000200000f0                hdac
 .bss.hdma_dac1
                0x0000000020000104       0x60 ./Core/Src/dac.o
                0x0000000020000104                hdma_dac1
 .bss.htim7     0x0000000020000164       0x4c ./Core/Src/tim.o
                0x0000000020000164                htim7
 .bss.huart3    0x00000000200001b0       0x88 ./Core/Src/usart.o
                0x00000000200001b0                huart3
 .bss.uwTick    0x0000000020000238        0x4 ./Drivers/STM32F7xx_HAL_Driver/Src/stm32f7xx_hal.o
                0x0000000020000238                uwTick
 *(COMMON)
                0x000000002000023c                . = ALIGN (0x4)
                0x000000002000023c                _ebss = .
                0x000000002000023c                __bss_end__ = _ebss

._user_heap_stack
                0x000000002000023c      0x604 load address 0x0000000008004978
                0x0000000020000240                . = ALIGN (0x8)
 *fill*         0x000000002000023c        0x4 
                [!provide]                        PROVIDE (end = .)
                0x0000000020000240                PROVIDE (_end = .)
                0x0000000020000440                . = (. + _Min_Heap_Size)
 *fill*         0x0000000020000240      0x200 
                0x0000000020000840                . = (. + _Min_Stack_Size)
 *fill*         0x0000000020000440      0x400 
                0x0000000020000840                . = ALIGN (0x8)

/DISCARD/
 libc.a(*)
 libm.a(*)
 libgcc.a(*)

.ARM.attributes
                0x0000000000000000       0x30
 *(.ARM.attributes)
 .ARM.attributes
                0x0000000000000000       0x1e C:/ST/STM32CubeIDE_1.14.0/STM32CubeIDE/plugins/com.st.stm32cube.ide.mcu.externaltools.gnu-tools-for-stm32.11.3.rel1.win32_1.1.100.202309141235/tools/bin/../lib/gcc/arm-none-eabi/11.3.1/thumb/v7e-m+fp/hard/crti.o
 .ARM.attributes
                0x000000000000001e       0x34 C:/ST/STM32CubeIDE_1.14.0/STM32CubeIDE/plugins/com.st.stm32cube.ide.mcu.externaltools.gnu-tools-for-stm32.11.3.rel1.win32_1.1.100.202309141235/tools/bin/../lib/gcc/arm-none-eabi/11.3.1/thumb/v7e-m+fp/hard/crtbegin.o
 .ARM.attributes
                0x0000000000000052       0x34 ./Core/Src/dac.o
 .ARM.attributes
                0x0000000000000086       0x34 ./Core/Src/dma.o
 .ARM.attributes
                0x00000000000000ba       0x34 ./Core/Src/gpio.o
 .ARM.attributes
                0x00000000000000ee       0x34 ./Core/Src/main.o
 .ARM.attributes
                0x0000000000000122       0x34 ./Core/Src/stm32f7xx_hal_msp.o
 .ARM.attributes
                0x0000000000000156       0x34 ./Core/Src/stm32f7xx_it.o
 .ARM.attributes
                0x000000000000018a       0x34 ./Core/Src/system_stm32f7xx.o
 .ARM.attributes
                0x00000000000001be       0x34 ./Core/Src/tim.o
 .ARM.attributes
                0x00000000000001f2       0x34 ./Core/Src/usart.o
 .ARM.attributes
                0x0000000000000226       0x21 ./Core/Startup/startup_stm32f746zgtx.o
 .ARM.attributes
                0x0000000000000247       0x34 ./Drivers/STM32F7xx_HAL_Driver/Src/stm32f7xx_hal.o
 .ARM.attributes
                0x000000000000027b       0x34 ./Drivers/STM32F7xx_HAL_Driver/Src/stm32f7xx_hal_cortex.o
 .ARM.attributes
                0x00000000000002af       0x34 ./Drivers/STM32F7xx_HAL_Driver/Src/stm32f7xx_hal_dac.o
 .ARM.attributes
                0x00000000000002e3       0x34 ./Drivers/STM32F7xx_HAL_Driver/Src/stm32f7xx_hal_dac_ex.o
 .ARM.attributes
                0x0000000000000317       0x34 ./Drivers/STM32F7xx_HAL_Driver/Src/stm32f7xx_hal_dma.o
 .ARM.attributes
                0x000000000000034b       0x34 ./Drivers/STM32F7xx_HAL_Driver/Src/stm32f7xx_hal_gpio.o
 .ARM.attributes
                0x000000000000037f       0x34 ./Drivers/STM32F7xx_HAL_Driver/Src/stm32f7xx_hal_pwr.o
 .ARM.attributes
                0x00000000000003b3       0x34 ./Drivers/STM32F7xx_HAL_Driver/Src/stm32f7xx_hal_pwr_ex.o
 .ARM.attributes
                0x00000000000003e7       0x34 ./Drivers/STM32F7xx_HAL_Driver/Src/stm32f7xx_hal_rcc.o
 .ARM.attributes
                0x000000000000041b       0x34 ./Drivers/STM32F7xx_HAL_Driver/Src/stm32f7xx_hal_rcc_ex.o
 .ARM.attributes
                0x000000000000044f       0x34 ./Drivers/STM32F7xx_HAL_Driver/Src/stm32f7xx_hal_tim.o
 .ARM.attributes
                0x0000000000000483       0x34 ./Drivers/STM32F7xx_HAL_Driver/Src/stm32f7xx_hal_tim_ex.o
 .ARM.attributes
                0x00000000000004b7       0x34 ./Drivers/STM32F7xx_HAL_Driver/Src/stm32f7xx_hal_uart.o
 .ARM.attributes
                0x00000000000004eb       0x34 C:/ST/STM32CubeIDE_1.14.0/STM32CubeIDE/plugins/com.st.stm32cube.ide.mcu.externaltools.gnu-tools-for-stm32.11.3.rel1.win32_1.1.100.202309141235/tools/bin/../lib/gcc/arm-none-eabi/11.3.1/../../../../arm-none-eabi/lib/thumb/v7e-m+fp/hard\libc_nano.a(libc_a-memset.o)
 .ARM.attributes
                0x000000000000051f       0x34 C:/ST/STM32CubeIDE_1.14.0/STM32CubeIDE/plugins/com.st.stm32cube.ide.mcu.externaltools.gnu-tools-for-stm32.11.3.rel1.win32_1.1.100.202309141235/tools/bin/../lib/gcc/arm-none-eabi/11.3.1/../../../../arm-none-eabi/lib/thumb/v7e-m+fp/hard\libc_nano.a(libc_a-init.o)
 .ARM.attributes
                0x0000000000000553       0x1e C:/ST/STM32CubeIDE_1.14.0/STM32CubeIDE/plugins/com.st.stm32cube.ide.mcu.externaltools.gnu-tools-for-stm32.11.3.rel1.win32_1.1.100.202309141235/tools/bin/../lib/gcc/arm-none-eabi/11.3.1/thumb/v7e-m+fp/hard\libgcc.a(_aeabi_uldivmod.o)
 .ARM.attributes
                0x0000000000000571       0x34 C:/ST/STM32CubeIDE_1.14.0/STM32CubeIDE/plugins/com.st.stm32cube.ide.mcu.externaltools.gnu-tools-for-stm32.11.3.rel1.win32_1.1.100.202309141235/tools/bin/../lib/gcc/arm-none-eabi/11.3.1/thumb/v7e-m+fp/hard\libgcc.a(_udivmoddi4.o)
 .ARM.attributes
                0x00000000000005a5       0x1e C:/ST/STM32CubeIDE_1.14.0/STM32CubeIDE/plugins/com.st.stm32cube.ide.mcu.externaltools.gnu-tools-for-stm32.11.3.rel1.win32_1.1.100.202309141235/tools/bin/../lib/gcc/arm-none-eabi/11.3.1/thumb/v7e-m+fp/hard\libgcc.a(_dvmd_tls.o)
 .ARM.attributes
                0x00000000000005c3       0x1e C:/ST/STM32CubeIDE_1.14.0/STM32CubeIDE/plugins/com.st.stm32cube.ide.mcu.externaltools.gnu-tools-for-stm32.11.3.rel1.win32_1.1.100.202309141235/tools/bin/../lib/gcc/arm-none-eabi/11.3.1/thumb/v7e-m+fp/hard/crtn.o
OUTPUT(4_5.elf elf32-littlearm)
LOAD linker stubs
LOAD C:/ST/STM32CubeIDE_1.14.0/STM32CubeIDE/plugins/com.st.stm32cube.ide.mcu.externaltools.gnu-tools-for-stm32.11.3.rel1.win32_1.1.100.202309141235/tools/bin/../lib/gcc/arm-none-eabi/11.3.1/../../../../arm-none-eabi/lib/thumb/v7e-m+fp/hard\libc.a
LOAD C:/ST/STM32CubeIDE_1.14.0/STM32CubeIDE/plugins/com.st.stm32cube.ide.mcu.externaltools.gnu-tools-for-stm32.11.3.rel1.win32_1.1.100.202309141235/tools/bin/../lib/gcc/arm-none-eabi/11.3.1/../../../../arm-none-eabi/lib/thumb/v7e-m+fp/hard\libm.a
LOAD C:/ST/STM32CubeIDE_1.14.0/STM32CubeIDE/plugins/com.st.stm32cube.ide.mcu.externaltools.gnu-tools-for-stm32.11.3.rel1.win32_1.1.100.202309141235/tools/bin/../lib/gcc/arm-none-eabi/11.3.1/thumb/v7e-m+fp/hard\libgcc.a

.comment        0x0000000000000000       0x43
 .comment       0x0000000000000000       0x43 C:/ST/STM32CubeIDE_1.14.0/STM32CubeIDE/plugins/com.st.stm32cube.ide.mcu.externaltools.gnu-tools-for-stm32.11.3.rel1.win32_1.1.100.202309141235/tools/bin/../lib/gcc/arm-none-eabi/11.3.1/thumb/v7e-m+fp/hard/crtbegin.o
                                         0x44 (size before relaxing)
 .comment       0x0000000000000043       0x44 ./Core/Src/dac.o
 .comment       0x0000000000000043       0x44 ./Core/Src/dma.o
 .comment       0x0000000000000043       0x44 ./Core/Src/gpio.o
 .comment       0x0000000000000043       0x44 ./Core/Src/main.o
 .comment       0x0000000000000043       0x44 ./Core/Src/stm32f7xx_hal_msp.o
 .comment       0x0000000000000043       0x44 ./Core/Src/stm32f7xx_it.o
 .comment       0x0000000000000043       0x44 ./Core/Src/system_stm32f7xx.o
 .comment       0x0000000000000043       0x44 ./Core/Src/tim.o
 .comment       0x0000000000000043       0x44 ./Core/Src/usart.o
 .comment       0x0000000000000043       0x44 ./Drivers/STM32F7xx_HAL_Driver/Src/stm32f7xx_hal.o
 .comment       0x0000000000000043       0x44 ./Drivers/STM32F7xx_HAL_Driver/Src/stm32f7xx_hal_cortex.o
 .comment       0x0000000000000043       0x44 ./Drivers/STM32F7xx_HAL_Driver/Src/stm32f7xx_hal_dac.o
 .comment       0x0000000000000043       0x44 ./Drivers/STM32F7xx_HAL_Driver/Src/stm32f7xx_hal_dac_ex.o
 .comment       0x0000000000000043       0x44 ./Drivers/STM32F7xx_HAL_Driver/Src/stm32f7xx_hal_dma.o
 .comment       0x0000000000000043       0x44 ./Drivers/STM32F7xx_HAL_Driver/Src/stm32f7xx_hal_gpio.o
 .comment       0x0000000000000043       0x44 ./Drivers/STM32F7xx_HAL_Driver/Src/stm32f7xx_hal_pwr.o
 .comment       0x0000000000000043       0x44 ./Drivers/STM32F7xx_HAL_Driver/Src/stm32f7xx_hal_pwr_ex.o
 .comment       0x0000000000000043       0x44 ./Drivers/STM32F7xx_HAL_Driver/Src/stm32f7xx_hal_rcc.o
 .comment       0x0000000000000043       0x44 ./Drivers/STM32F7xx_HAL_Driver/Src/stm32f7xx_hal_rcc_ex.o
 .comment       0x0000000000000043       0x44 ./Drivers/STM32F7xx_HAL_Driver/Src/stm32f7xx_hal_tim.o
 .comment       0x0000000000000043       0x44 ./Drivers/STM32F7xx_HAL_Driver/Src/stm32f7xx_hal_tim_ex.o
 .comment       0x0000000000000043       0x44 ./Drivers/STM32F7xx_HAL_Driver/Src/stm32f7xx_hal_uart.o

.debug_info     0x0000000000000000    0x125de
 .debug_info    0x0000000000000000      0x8e0 ./Core/Src/dac.o
 .debug_info    0x00000000000008e0      0x531 ./Core/Src/dma.o
 .debug_info    0x0000000000000e11      0x47d ./Core/Src/gpio.o
 .debug_info    0x000000000000128e      0xd31 ./Core/Src/main.o
 .debug_info    0x0000000000001fbf      0x28d ./Core/Src/stm32f7xx_hal_msp.o
 .debug_info    0x000000000000224c      0xaeb ./Core/Src/stm32f7xx_it.o
 .debug_info    0x0000000000002d37      0x6ed ./Core/Src/system_stm32f7xx.o
 .debug_info    0x0000000000003424      0xc69 ./Core/Src/tim.o
 .debug_info    0x000000000000408d      0xf29 ./Core/Src/usart.o
 .debug_info    0x0000000000004fb6       0x23 ./Core/Startup/startup_stm32f746zgtx.o
 .debug_info    0x0000000000004fd9      0x9d8 ./Drivers/STM32F7xx_HAL_Driver/Src/stm32f7xx_hal.o
 .debug_info    0x00000000000059b1      0xf49 ./Drivers/STM32F7xx_HAL_Driver/Src/stm32f7xx_hal_cortex.o
 .debug_info    0x00000000000068fa      0x9c0 ./Drivers/STM32F7xx_HAL_Driver/Src/stm32f7xx_hal_dac.o
 .debug_info    0x00000000000072ba      0x746 ./Drivers/STM32F7xx_HAL_Driver/Src/stm32f7xx_hal_dac_ex.o
 .debug_info    0x0000000000007a00      0x8e7 ./Drivers/STM32F7xx_HAL_Driver/Src/stm32f7xx_hal_dma.o
 .debug_info    0x00000000000082e7      0x6e7 ./Drivers/STM32F7xx_HAL_Driver/Src/stm32f7xx_hal_gpio.o
 .debug_info    0x00000000000089ce      0x90e ./Drivers/STM32F7xx_HAL_Driver/Src/stm32f7xx_hal_pwr.o
 .debug_info    0x00000000000092dc      0x8cd ./Drivers/STM32F7xx_HAL_Driver/Src/stm32f7xx_hal_pwr_ex.o
 .debug_info    0x0000000000009ba9      0x8dc ./Drivers/STM32F7xx_HAL_Driver/Src/stm32f7xx_hal_rcc.o
 .debug_info    0x000000000000a485      0x6bd ./Drivers/STM32F7xx_HAL_Driver/Src/stm32f7xx_hal_rcc_ex.o
 .debug_info    0x000000000000ab42     0x2a9a ./Drivers/STM32F7xx_HAL_Driver/Src/stm32f7xx_hal_tim.o
 .debug_info    0x000000000000d5dc     0x15bb ./Drivers/STM32F7xx_HAL_Driver/Src/stm32f7xx_hal_tim_ex.o
 .debug_info    0x000000000000eb97     0x3a47 ./Drivers/STM32F7xx_HAL_Driver/Src/stm32f7xx_hal_uart.o

.debug_abbrev   0x0000000000000000     0x2b97
 .debug_abbrev  0x0000000000000000      0x205 ./Core/Src/dac.o
 .debug_abbrev  0x0000000000000205      0x10e ./Core/Src/dma.o
 .debug_abbrev  0x0000000000000313      0x152 ./Core/Src/gpio.o
 .debug_abbrev  0x0000000000000465      0x248 ./Core/Src/main.o
 .debug_abbrev  0x00000000000006ad       0xd8 ./Core/Src/stm32f7xx_hal_msp.o
 .debug_abbrev  0x0000000000000785      0x19b ./Core/Src/stm32f7xx_it.o
 .debug_abbrev  0x0000000000000920      0x13b ./Core/Src/system_stm32f7xx.o
 .debug_abbrev  0x0000000000000a5b      0x1f7 ./Core/Src/tim.o
 .debug_abbrev  0x0000000000000c52      0x218 ./Core/Src/usart.o
 .debug_abbrev  0x0000000000000e6a       0x12 ./Core/Startup/startup_stm32f746zgtx.o
 .debug_abbrev  0x0000000000000e7c      0x213 ./Drivers/STM32F7xx_HAL_Driver/Src/stm32f7xx_hal.o
 .debug_abbrev  0x000000000000108f      0x329 ./Drivers/STM32F7xx_HAL_Driver/Src/stm32f7xx_hal_cortex.o
 .debug_abbrev  0x00000000000013b8      0x1f3 ./Drivers/STM32F7xx_HAL_Driver/Src/stm32f7xx_hal_dac.o
 .debug_abbrev  0x00000000000015ab      0x1e8 ./Drivers/STM32F7xx_HAL_Driver/Src/stm32f7xx_hal_dac_ex.o
 .debug_abbrev  0x0000000000001793      0x264 ./Drivers/STM32F7xx_HAL_Driver/Src/stm32f7xx_hal_dma.o
 .debug_abbrev  0x00000000000019f7      0x1d4 ./Drivers/STM32F7xx_HAL_Driver/Src/stm32f7xx_hal_gpio.o
 .debug_abbrev  0x0000000000001bcb      0x1c5 ./Drivers/STM32F7xx_HAL_Driver/Src/stm32f7xx_hal_pwr.o
 .debug_abbrev  0x0000000000001d90      0x1d5 ./Drivers/STM32F7xx_HAL_Driver/Src/stm32f7xx_hal_pwr_ex.o
 .debug_abbrev  0x0000000000001f65      0x288 ./Drivers/STM32F7xx_HAL_Driver/Src/stm32f7xx_hal_rcc.o
 .debug_abbrev  0x00000000000021ed      0x1c9 ./Drivers/STM32F7xx_HAL_Driver/Src/stm32f7xx_hal_rcc_ex.o
 .debug_abbrev  0x00000000000023b6      0x278 ./Drivers/STM32F7xx_HAL_Driver/Src/stm32f7xx_hal_tim.o
 .debug_abbrev  0x000000000000262e      0x283 ./Drivers/STM32F7xx_HAL_Driver/Src/stm32f7xx_hal_tim_ex.o
 .debug_abbrev  0x00000000000028b1      0x2e6 ./Drivers/STM32F7xx_HAL_Driver/Src/stm32f7xx_hal_uart.o

.debug_aranges  0x0000000000000000      0xfa0
 .debug_aranges
                0x0000000000000000       0x30 ./Core/Src/dac.o
 .debug_aranges
                0x0000000000000030       0x20 ./Core/Src/dma.o
 .debug_aranges
                0x0000000000000050       0x20 ./Core/Src/gpio.o
 .debug_aranges
                0x0000000000000070       0x30 ./Core/Src/main.o
 .debug_aranges
                0x00000000000000a0       0x20 ./Core/Src/stm32f7xx_hal_msp.o
 .debug_aranges
                0x00000000000000c0       0x78 ./Core/Src/stm32f7xx_it.o
 .debug_aranges
                0x0000000000000138       0x28 ./Core/Src/system_stm32f7xx.o
 .debug_aranges
                0x0000000000000160       0x30 ./Core/Src/tim.o
 .debug_aranges
                0x0000000000000190       0x30 ./Core/Src/usart.o
 .debug_aranges
                0x00000000000001c0       0x28 ./Core/Startup/startup_stm32f746zgtx.o
 .debug_aranges
                0x00000000000001e8      0x100 ./Drivers/STM32F7xx_HAL_Driver/Src/stm32f7xx_hal.o
 .debug_aranges
                0x00000000000002e8      0x118 ./Drivers/STM32F7xx_HAL_Driver/Src/stm32f7xx_hal_cortex.o
 .debug_aranges
                0x0000000000000400       0xc0 ./Drivers/STM32F7xx_HAL_Driver/Src/stm32f7xx_hal_dac.o
 .debug_aranges
                0x00000000000004c0       0x80 ./Drivers/STM32F7xx_HAL_Driver/Src/stm32f7xx_hal_dac_ex.o
 .debug_aranges
                0x0000000000000540       0x90 ./Drivers/STM32F7xx_HAL_Driver/Src/stm32f7xx_hal_dma.o
 .debug_aranges
                0x00000000000005d0       0x58 ./Drivers/STM32F7xx_HAL_Driver/Src/stm32f7xx_hal_gpio.o
 .debug_aranges
                0x0000000000000628       0xa0 ./Drivers/STM32F7xx_HAL_Driver/Src/stm32f7xx_hal_pwr.o
 .debug_aranges
                0x00000000000006c8       0x80 ./Drivers/STM32F7xx_HAL_Driver/Src/stm32f7xx_hal_pwr_ex.o
 .debug_aranges
                0x0000000000000748       0x88 ./Drivers/STM32F7xx_HAL_Driver/Src/stm32f7xx_hal_rcc.o
 .debug_aranges
                0x00000000000007d0       0x50 ./Drivers/STM32F7xx_HAL_Driver/Src/stm32f7xx_hal_rcc_ex.o
 .debug_aranges
                0x0000000000000820      0x3e0 ./Drivers/STM32F7xx_HAL_Driver/Src/stm32f7xx_hal_tim.o
 .debug_aranges
                0x0000000000000c00      0x178 ./Drivers/STM32F7xx_HAL_Driver/Src/stm32f7xx_hal_tim_ex.o
 .debug_aranges
                0x0000000000000d78      0x228 ./Drivers/STM32F7xx_HAL_Driver/Src/stm32f7xx_hal_uart.o

.debug_rnglists
                0x0000000000000000      0xc0d
 .debug_rnglists
                0x0000000000000000       0x20 ./Core/Src/dac.o
 .debug_rnglists
                0x0000000000000020       0x13 ./Core/Src/dma.o
 .debug_rnglists
                0x0000000000000033       0x14 ./Core/Src/gpio.o
 .debug_rnglists
                0x0000000000000047       0x20 ./Core/Src/main.o
 .debug_rnglists
                0x0000000000000067       0x13 ./Core/Src/stm32f7xx_hal_msp.o
 .debug_rnglists
                0x000000000000007a       0x55 ./Core/Src/stm32f7xx_it.o
 .debug_rnglists
                0x00000000000000cf       0x1a ./Core/Src/system_stm32f7xx.o
 .debug_rnglists
                0x00000000000000e9       0x1f ./Core/Src/tim.o
 .debug_rnglists
                0x0000000000000108       0x20 ./Core/Src/usart.o
 .debug_rnglists
                0x0000000000000128       0x19 ./Core/Startup/startup_stm32f746zgtx.o
 .debug_rnglists
                0x0000000000000141       0xbb ./Drivers/STM32F7xx_HAL_Driver/Src/stm32f7xx_hal.o
 .debug_rnglists
                0x00000000000001fc       0xce ./Drivers/STM32F7xx_HAL_Driver/Src/stm32f7xx_hal_cortex.o
 .debug_rnglists
                0x00000000000002ca       0x90 ./Drivers/STM32F7xx_HAL_Driver/Src/stm32f7xx_hal_dac.o
 .debug_rnglists
                0x000000000000035a       0x5c ./Drivers/STM32F7xx_HAL_Driver/Src/stm32f7xx_hal_dac_ex.o
 .debug_rnglists
                0x00000000000003b6       0x70 ./Drivers/STM32F7xx_HAL_Driver/Src/stm32f7xx_hal_dma.o
 .debug_rnglists
                0x0000000000000426       0x3f ./Drivers/STM32F7xx_HAL_Driver/Src/stm32f7xx_hal_gpio.o
 .debug_rnglists
                0x0000000000000465       0x74 ./Drivers/STM32F7xx_HAL_Driver/Src/stm32f7xx_hal_pwr.o
 .debug_rnglists
                0x00000000000004d9       0x5f ./Drivers/STM32F7xx_HAL_Driver/Src/stm32f7xx_hal_pwr_ex.o
 .debug_rnglists
                0x0000000000000538       0x67 ./Drivers/STM32F7xx_HAL_Driver/Src/stm32f7xx_hal_rcc.o
 .debug_rnglists
                0x000000000000059f       0x3c ./Drivers/STM32F7xx_HAL_Driver/Src/stm32f7xx_hal_rcc_ex.o
 .debug_rnglists
                0x00000000000005db      0x328 ./Drivers/STM32F7xx_HAL_Driver/Src/stm32f7xx_hal_tim.o
 .debug_rnglists
                0x0000000000000903      0x131 ./Drivers/STM32F7xx_HAL_Driver/Src/stm32f7xx_hal_tim_ex.o
 .debug_rnglists
                0x0000000000000a34      0x1d9 ./Drivers/STM32F7xx_HAL_Driver/Src/stm32f7xx_hal_uart.o

.debug_macro    0x0000000000000000    0x25869
 .debug_macro   0x0000000000000000      0x20f ./Core/Src/dac.o
 .debug_macro   0x000000000000020f      0x299 ./Core/Src/dac.o
 .debug_macro   0x00000000000004a8       0x2e ./Core/Src/dac.o
 .debug_macro   0x00000000000004d6       0x3b ./Core/Src/dac.o
 .debug_macro   0x0000000000000511       0x1c ./Core/Src/dac.o
 .debug_macro   0x000000000000052d       0x22 ./Core/Src/dac.o
 .debug_macro   0x000000000000054f       0xd9 ./Core/Src/dac.o
 .debug_macro   0x0000000000000628     0x12cd ./Core/Src/dac.o
 .debug_macro   0x00000000000018f5      0x11f ./Core/Src/dac.o
 .debug_macro   0x0000000000001a14       0x19 ./Core/Src/dac.o
 .debug_macro   0x0000000000001a2d    0x1920a ./Core/Src/dac.o
 .debug_macro   0x000000000001ac37       0x6d ./Core/Src/dac.o
 .debug_macro   0x000000000001aca4     0x3749 ./Core/Src/dac.o
 .debug_macro   0x000000000001e3ed      0x174 ./Core/Src/dac.o
 .debug_macro   0x000000000001e561       0x63 ./Core/Src/dac.o
 .debug_macro   0x000000000001e5c4     0x18ad ./Core/Src/dac.o
 .debug_macro   0x000000000001fe71      0x6c4 ./Core/Src/dac.o
 .debug_macro   0x0000000000020535      0x185 ./Core/Src/dac.o
 .debug_macro   0x00000000000206ba      0x115 ./Core/Src/dac.o
 .debug_macro   0x00000000000207cf      0x1fd ./Core/Src/dac.o
 .debug_macro   0x00000000000209cc       0xa5 ./Core/Src/dac.o
 .debug_macro   0x0000000000020a71      0x24f ./Core/Src/dac.o
 .debug_macro   0x0000000000020cc0       0x41 ./Core/Src/dac.o
 .debug_macro   0x0000000000020d01       0x58 ./Core/Src/dac.o
 .debug_macro   0x0000000000020d59      0x236 ./Core/Src/dac.o
 .debug_macro   0x0000000000020f8f      0x122 ./Core/Src/dac.o
 .debug_macro   0x00000000000210b1       0xa6 ./Core/Src/dac.o
 .debug_macro   0x0000000000021157      0x14e ./Core/Src/dac.o
 .debug_macro   0x00000000000212a5      0x25a ./Core/Src/dac.o
 .debug_macro   0x00000000000214ff       0x12 ./Core/Src/dac.o
 .debug_macro   0x0000000000021511      0x22c ./Core/Src/dac.o
 .debug_macro   0x000000000002173d       0x61 ./Core/Src/dac.o
 .debug_macro   0x000000000002179e       0xa5 ./Core/Src/dac.o
 .debug_macro   0x0000000000021843      0x12e ./Core/Src/dac.o
 .debug_macro   0x0000000000021971      0x108 ./Core/Src/dac.o
 .debug_macro   0x0000000000021a79       0x35 ./Core/Src/dac.o
 .debug_macro   0x0000000000021aae      0xa7c ./Core/Src/dac.o
 .debug_macro   0x000000000002252a       0x59 ./Core/Src/dac.o
 .debug_macro   0x0000000000022583      0x56d ./Core/Src/dac.o
 .debug_macro   0x0000000000022af0       0x44 ./Core/Src/dac.o
 .debug_macro   0x0000000000022b34      0x14d ./Core/Src/dac.o
 .debug_macro   0x0000000000022c81      0x13c ./Core/Src/dac.o
 .debug_macro   0x0000000000022dbd      0x20f ./Core/Src/dma.o
 .debug_macro   0x0000000000022fcc      0x20f ./Core/Src/gpio.o
 .debug_macro   0x00000000000231db      0x23f ./Core/Src/main.o
 .debug_macro   0x000000000002341a      0x205 ./Core/Src/stm32f7xx_hal_msp.o
 .debug_macro   0x000000000002361f      0x20f ./Core/Src/stm32f7xx_it.o
 .debug_macro   0x000000000002382e      0x1f6 ./Core/Src/system_stm32f7xx.o
 .debug_macro   0x0000000000023a24      0x20f ./Core/Src/tim.o
 .debug_macro   0x0000000000023c33      0x20f ./Core/Src/usart.o
 .debug_macro   0x0000000000023e42      0x21a ./Drivers/STM32F7xx_HAL_Driver/Src/stm32f7xx_hal.o
 .debug_macro   0x000000000002405c      0x1f6 ./Drivers/STM32F7xx_HAL_Driver/Src/stm32f7xx_hal_cortex.o
 .debug_macro   0x0000000000024252      0x1f7 ./Drivers/STM32F7xx_HAL_Driver/Src/stm32f7xx_hal_dac.o
 .debug_macro   0x0000000000024449      0x1f6 ./Drivers/STM32F7xx_HAL_Driver/Src/stm32f7xx_hal_dac_ex.o
 .debug_macro   0x000000000002463f      0x1fc ./Drivers/STM32F7xx_HAL_Driver/Src/stm32f7xx_hal_dma.o
 .debug_macro   0x000000000002483b      0x1fc ./Drivers/STM32F7xx_HAL_Driver/Src/stm32f7xx_hal_gpio.o
 .debug_macro   0x0000000000024a37      0x214 ./Drivers/STM32F7xx_HAL_Driver/Src/stm32f7xx_hal_pwr.o
 .debug_macro   0x0000000000024c4b      0x20e ./Drivers/STM32F7xx_HAL_Driver/Src/stm32f7xx_hal_pwr_ex.o
 .debug_macro   0x0000000000024e59      0x21a ./Drivers/STM32F7xx_HAL_Driver/Src/stm32f7xx_hal_rcc.o
 .debug_macro   0x0000000000025073      0x1f6 ./Drivers/STM32F7xx_HAL_Driver/Src/stm32f7xx_hal_rcc_ex.o
 .debug_macro   0x0000000000025269      0x1f7 ./Drivers/STM32F7xx_HAL_Driver/Src/stm32f7xx_hal_tim.o
 .debug_macro   0x0000000000025460      0x1f6 ./Drivers/STM32F7xx_HAL_Driver/Src/stm32f7xx_hal_tim_ex.o
 .debug_macro   0x0000000000025656      0x213 ./Drivers/STM32F7xx_HAL_Driver/Src/stm32f7xx_hal_uart.o

.debug_line     0x0000000000000000    0x14f84
 .debug_line    0x0000000000000000      0x82d ./Core/Src/dac.o
 .debug_line    0x000000000000082d      0x7a6 ./Core/Src/dma.o
 .debug_line    0x0000000000000fd3      0x838 ./Core/Src/gpio.o
 .debug_line    0x000000000000180b      0x861 ./Core/Src/main.o
 .debug_line    0x000000000000206c      0x7ab ./Core/Src/stm32f7xx_hal_msp.o
 .debug_line    0x0000000000002817      0x8b5 ./Core/Src/stm32f7xx_it.o
 .debug_line    0x00000000000030cc      0x82a ./Core/Src/system_stm32f7xx.o
 .debug_line    0x00000000000038f6      0x805 ./Core/Src/tim.o
 .debug_line    0x00000000000040fb      0x82f ./Core/Src/usart.o
 .debug_line    0x000000000000492a       0x7a ./Core/Startup/startup_stm32f746zgtx.o
 .debug_line    0x00000000000049a4      0xabb ./Drivers/STM32F7xx_HAL_Driver/Src/stm32f7xx_hal.o
 .debug_line    0x000000000000545f      0xd41 ./Drivers/STM32F7xx_HAL_Driver/Src/stm32f7xx_hal_cortex.o
 .debug_line    0x00000000000061a0      0xbdd ./Drivers/STM32F7xx_HAL_Driver/Src/stm32f7xx_hal_dac.o
 .debug_line    0x0000000000006d7d      0x9d2 ./Drivers/STM32F7xx_HAL_Driver/Src/stm32f7xx_hal_dac_ex.o
 .debug_line    0x000000000000774f     0x100a ./Drivers/STM32F7xx_HAL_Driver/Src/stm32f7xx_hal_dma.o
 .debug_line    0x0000000000008759      0xc2f ./Drivers/STM32F7xx_HAL_Driver/Src/stm32f7xx_hal_gpio.o
 .debug_line    0x0000000000009388      0x9bf ./Drivers/STM32F7xx_HAL_Driver/Src/stm32f7xx_hal_pwr.o
 .debug_line    0x0000000000009d47      0xa27 ./Drivers/STM32F7xx_HAL_Driver/Src/stm32f7xx_hal_pwr_ex.o
 .debug_line    0x000000000000a76e      0xefb ./Drivers/STM32F7xx_HAL_Driver/Src/stm32f7xx_hal_rcc.o
 .debug_line    0x000000000000b669      0xeaf ./Drivers/STM32F7xx_HAL_Driver/Src/stm32f7xx_hal_rcc_ex.o
 .debug_line    0x000000000000c518     0x3d40 ./Drivers/STM32F7xx_HAL_Driver/Src/stm32f7xx_hal_tim.o
 .debug_line    0x0000000000010258     0x1bc0 ./Drivers/STM32F7xx_HAL_Driver/Src/stm32f7xx_hal_tim_ex.o
 .debug_line    0x0000000000011e18     0x316c ./Drivers/STM32F7xx_HAL_Driver/Src/stm32f7xx_hal_uart.o

.debug_str      0x0000000000000000    0xee2dc
 .debug_str     0x0000000000000000    0xe9ce0 ./Core/Src/dac.o
                                      0xea3d1 (size before relaxing)
 .debug_str     0x00000000000e9ce0      0x5e9 ./Core/Src/dma.o
                                      0xea4bd (size before relaxing)
 .debug_str     0x00000000000ea2c9       0x72 ./Core/Src/gpio.o
                                      0xe9fc8 (size before relaxing)
 .debug_str     0x00000000000ea33b      0x4a8 ./Core/Src/main.o
                                      0xea7fb (size before relaxing)
 .debug_str     0x00000000000ea7e3       0x2c ./Core/Src/stm32f7xx_hal_msp.o
                                      0xe9eeb (size before relaxing)
 .debug_str     0x00000000000ea80f      0x355 ./Core/Src/stm32f7xx_it.o
                                      0xea6a5 (size before relaxing)
 .debug_str     0x00000000000eab64      0x1a4 ./Core/Src/system_stm32f7xx.o
                                      0xe9b7c (size before relaxing)
 .debug_str     0x00000000000ead08       0xf8 ./Core/Src/tim.o
                                      0xeab53 (size before relaxing)
 .debug_str     0x00000000000eae00      0x2b0 ./Core/Src/usart.o
                                      0xead1a (size before relaxing)
 .debug_str     0x00000000000eb0b0       0x34 ./Core/Startup/startup_stm32f746zgtx.o
                                         0x67 (size before relaxing)
 .debug_str     0x00000000000eb0e4      0x416 ./Drivers/STM32F7xx_HAL_Driver/Src/stm32f7xx_hal.o
                                      0xea4e5 (size before relaxing)
 .debug_str     0x00000000000eb4fa      0x323 ./Drivers/STM32F7xx_HAL_Driver/Src/stm32f7xx_hal_cortex.o
                                      0xea4d0 (size before relaxing)
 .debug_str     0x00000000000eb81d      0x20f ./Drivers/STM32F7xx_HAL_Driver/Src/stm32f7xx_hal_dac.o
                                      0xe9f08 (size before relaxing)
 .debug_str     0x00000000000eba2c      0x13b ./Drivers/STM32F7xx_HAL_Driver/Src/stm32f7xx_hal_dac_ex.o
                                      0xe9df3 (size before relaxing)
 .debug_str     0x00000000000ebb67      0x2e0 ./Drivers/STM32F7xx_HAL_Driver/Src/stm32f7xx_hal_dma.o
                                      0xe9ebb (size before relaxing)
 .debug_str     0x00000000000ebe47      0x105 ./Drivers/STM32F7xx_HAL_Driver/Src/stm32f7xx_hal_gpio.o
                                      0xe9c3a (size before relaxing)
 .debug_str     0x00000000000ebf4c      0x2ac ./Drivers/STM32F7xx_HAL_Driver/Src/stm32f7xx_hal_pwr.o
                                      0xe9e1d (size before relaxing)
 .debug_str     0x00000000000ec1f8      0x1bd ./Drivers/STM32F7xx_HAL_Driver/Src/stm32f7xx_hal_pwr_ex.o
                                      0xe9deb (size before relaxing)
 .debug_str     0x00000000000ec3b5      0x252 ./Drivers/STM32F7xx_HAL_Driver/Src/stm32f7xx_hal_rcc.o
                                      0xe9ede (size before relaxing)
 .debug_str     0x00000000000ec607      0x13f ./Drivers/STM32F7xx_HAL_Driver/Src/stm32f7xx_hal_rcc_ex.o
                                      0xe9e16 (size before relaxing)
 .debug_str     0x00000000000ec746      0xe65 ./Drivers/STM32F7xx_HAL_Driver/Src/stm32f7xx_hal_tim.o
                                      0xeae8f (size before relaxing)
 .debug_str     0x00000000000ed5ab      0x4dc ./Drivers/STM32F7xx_HAL_Driver/Src/stm32f7xx_hal_tim_ex.o
                                      0xea6e5 (size before relaxing)
 .debug_str     0x00000000000eda87      0x855 ./Drivers/STM32F7xx_HAL_Driver/Src/stm32f7xx_hal_uart.o
                                      0xea82b (size before relaxing)

.debug_frame    0x0000000000000000     0x3fb8
 .debug_frame   0x0000000000000000       0x7c ./Core/Src/dac.o
 .debug_frame   0x000000000000007c       0x34 ./Core/Src/dma.o
 .debug_frame   0x00000000000000b0       0x34 ./Core/Src/gpio.o
 .debug_frame   0x00000000000000e4       0x6c ./Core/Src/main.o
 .debug_frame   0x0000000000000150       0x38 ./Core/Src/stm32f7xx_hal_msp.o
 .debug_frame   0x0000000000000188      0x158 ./Core/Src/stm32f7xx_it.o
 .debug_frame   0x00000000000002e0       0x58 ./Core/Src/system_stm32f7xx.o
 .debug_frame   0x0000000000000338       0x7c ./Core/Src/tim.o
 .debug_frame   0x00000000000003b4       0x78 ./Core/Src/usart.o
 .debug_frame   0x000000000000042c      0x3b4 ./Drivers/STM32F7xx_HAL_Driver/Src/stm32f7xx_hal.o
 .debug_frame   0x00000000000007e0      0x498 ./Drivers/STM32F7xx_HAL_Driver/Src/stm32f7xx_hal_cortex.o
 .debug_frame   0x0000000000000c78      0x338 ./Drivers/STM32F7xx_HAL_Driver/Src/stm32f7xx_hal_dac.o
 .debug_frame   0x0000000000000fb0      0x20c ./Drivers/STM32F7xx_HAL_Driver/Src/stm32f7xx_hal_dac_ex.o
 .debug_frame   0x00000000000011bc      0x250 ./Drivers/STM32F7xx_HAL_Driver/Src/stm32f7xx_hal_dma.o
 .debug_frame   0x000000000000140c      0x14c ./Drivers/STM32F7xx_HAL_Driver/Src/stm32f7xx_hal_gpio.o
 .debug_frame   0x0000000000001558      0x254 ./Drivers/STM32F7xx_HAL_Driver/Src/stm32f7xx_hal_pwr.o
 .debug_frame   0x00000000000017ac      0x1c8 ./Drivers/STM32F7xx_HAL_Driver/Src/stm32f7xx_hal_pwr_ex.o
 .debug_frame   0x0000000000001974      0x1f8 ./Drivers/STM32F7xx_HAL_Driver/Src/stm32f7xx_hal_rcc.o
 .debug_frame   0x0000000000001b6c      0x118 ./Drivers/STM32F7xx_HAL_Driver/Src/stm32f7xx_hal_rcc_ex.o
 .debug_frame   0x0000000000001c84     0x121c ./Drivers/STM32F7xx_HAL_Driver/Src/stm32f7xx_hal_tim.o
 .debug_frame   0x0000000000002ea0      0x688 ./Drivers/STM32F7xx_HAL_Driver/Src/stm32f7xx_hal_tim_ex.o
 .debug_frame   0x0000000000003528      0x9e4 ./Drivers/STM32F7xx_HAL_Driver/Src/stm32f7xx_hal_uart.o
 .debug_frame   0x0000000000003f0c       0x20 C:/ST/STM32CubeIDE_1.14.0/STM32CubeIDE/plugins/com.st.stm32cube.ide.mcu.externaltools.gnu-tools-for-stm32.11.3.rel1.win32_1.1.100.202309141235/tools/bin/../lib/gcc/arm-none-eabi/11.3.1/../../../../arm-none-eabi/lib/thumb/v7e-m+fp/hard\libc_nano.a(libc_a-memset.o)
 .debug_frame   0x0000000000003f2c       0x2c C:/ST/STM32CubeIDE_1.14.0/STM32CubeIDE/plugins/com.st.stm32cube.ide.mcu.externaltools.gnu-tools-for-stm32.11.3.rel1.win32_1.1.100.202309141235/tools/bin/../lib/gcc/arm-none-eabi/11.3.1/../../../../arm-none-eabi/lib/thumb/v7e-m+fp/hard\libc_nano.a(libc_a-init.o)
 .debug_frame   0x0000000000003f58       0x2c C:/ST/STM32CubeIDE_1.14.0/STM32CubeIDE/plugins/com.st.stm32cube.ide.mcu.externaltools.gnu-tools-for-stm32.11.3.rel1.win32_1.1.100.202309141235/tools/bin/../lib/gcc/arm-none-eabi/11.3.1/thumb/v7e-m+fp/hard\libgcc.a(_aeabi_uldivmod.o)
 .debug_frame   0x0000000000003f84       0x34 C:/ST/STM32CubeIDE_1.14.0/STM32CubeIDE/plugins/com.st.stm32cube.ide.mcu.externaltools.gnu-tools-for-stm32.11.3.rel1.win32_1.1.100.202309141235/tools/bin/../lib/gcc/arm-none-eabi/11.3.1/thumb/v7e-m+fp/hard\libgcc.a(_udivmoddi4.o)

.debug_line_str
                0x0000000000000000       0x5b
 .debug_line_str
                0x0000000000000000       0x5b ./Core/Startup/startup_stm32f746zgtx.o
                                         0x73 (size before relaxing)
