../Core/Src/main.c:112:6:HAL_UART_RxCpltCallback	32	static
../Core/Src/main.c:138:6:HAL_TIM_PeriodElapsedCallback	16	static
../Core/Src/main.c:152:6:HAL_GPIO_EXTI_Callback	16	static
../Core/Src/main.c:168:5:main	8	static
../Core/Src/main.c:238:6:SystemClock_Config	88	static
../Core/Src/main.c:288:13:MX_ETH_Init	8	static
../Core/Src/main.c:337:13:MX_TIM2_Init	40	static
../Core/Src/main.c:382:13:MX_TIM3_Init	40	static
../Core/Src/main.c:427:13:MX_USART3_UART_Init	8	static
../Core/Src/main.c:462:13:MX_USB_OTG_FS_PCD_Init	8	static
../Core/Src/main.c:497:13:MX_GPIO_Init	56	static
../Core/Src/main.c:559:6:Error_Handler	4	static,ignoring_inline_asm
